Component: ARM Compiler 6.9 Tool: armlink [5ced1b00]

==============================================================================

Section Cross References

    system_stm32f1xx.o(.ARM.exidx.text.SystemInit) refers to system_stm32f1xx.o(.text.SystemInit) for [Anonymous Symbol]
    system_stm32f1xx.o(.text.SystemCoreClockUpdate) refers to system_stm32f1xx.o(.data.SystemCoreClock) for SystemCoreClock
    system_stm32f1xx.o(.text.SystemCoreClockUpdate) refers to system_stm32f1xx.o(.rodata.AHBPrescTable) for AHBPrescTable
    system_stm32f1xx.o(.ARM.exidx.text.SystemCoreClockUpdate) refers to system_stm32f1xx.o(.text.SystemCoreClockUpdate) for [Anonymous Symbol]
    stm32f1xx_hal_i2c.o(.text.HAL_I2C_Init) refers to stm32f1xx_hal_msp.o(.text.HAL_I2C_MspInit) for HAL_I2C_MspInit
    stm32f1xx_hal_i2c.o(.text.HAL_I2C_Init) refers to stm32f1xx_hal_rcc.o(.text.HAL_RCC_GetPCLK1Freq) for HAL_RCC_GetPCLK1Freq
    stm32f1xx_hal_i2c.o(.ARM.exidx.text.HAL_I2C_Init) refers to stm32f1xx_hal_i2c.o(.text.HAL_I2C_Init) for [Anonymous Symbol]
    stm32f1xx_hal_i2c.o(.ARM.exidx.text.HAL_I2C_MspInit) refers to stm32f1xx_hal_i2c.o(.text.HAL_I2C_MspInit) for [Anonymous Symbol]
    stm32f1xx_hal_i2c.o(.text.HAL_I2C_DeInit) refers to stm32f1xx_hal_msp.o(.text.HAL_I2C_MspDeInit) for HAL_I2C_MspDeInit
    stm32f1xx_hal_i2c.o(.ARM.exidx.text.HAL_I2C_DeInit) refers to stm32f1xx_hal_i2c.o(.text.HAL_I2C_DeInit) for [Anonymous Symbol]
    stm32f1xx_hal_i2c.o(.ARM.exidx.text.HAL_I2C_MspDeInit) refers to stm32f1xx_hal_i2c.o(.text.HAL_I2C_MspDeInit) for [Anonymous Symbol]
    stm32f1xx_hal_i2c.o(.text.HAL_I2C_Master_Transmit) refers to stm32f1xx_hal.o(.text.HAL_GetTick) for HAL_GetTick
    stm32f1xx_hal_i2c.o(.text.HAL_I2C_Master_Transmit) refers to stm32f1xx_hal_i2c.o(.text.I2C_WaitOnFlagUntilTimeout) for I2C_WaitOnFlagUntilTimeout
    stm32f1xx_hal_i2c.o(.text.HAL_I2C_Master_Transmit) refers to stm32f1xx_hal_i2c.o(.text.I2C_WaitOnMasterAddressFlagUntilTimeout) for I2C_WaitOnMasterAddressFlagUntilTimeout
    stm32f1xx_hal_i2c.o(.text.HAL_I2C_Master_Transmit) refers to stm32f1xx_hal_i2c.o(.text.I2C_WaitOnTXEFlagUntilTimeout) for I2C_WaitOnTXEFlagUntilTimeout
    stm32f1xx_hal_i2c.o(.text.HAL_I2C_Master_Transmit) refers to stm32f1xx_hal_i2c.o(.text.I2C_WaitOnBTFFlagUntilTimeout) for I2C_WaitOnBTFFlagUntilTimeout
    stm32f1xx_hal_i2c.o(.ARM.exidx.text.HAL_I2C_Master_Transmit) refers to stm32f1xx_hal_i2c.o(.text.HAL_I2C_Master_Transmit) for [Anonymous Symbol]
    stm32f1xx_hal_i2c.o(.text.I2C_WaitOnFlagUntilTimeout) refers to stm32f1xx_hal.o(.text.HAL_GetTick) for HAL_GetTick
    stm32f1xx_hal_i2c.o(.ARM.exidx.text.I2C_WaitOnFlagUntilTimeout) refers to stm32f1xx_hal_i2c.o(.text.I2C_WaitOnFlagUntilTimeout) for [Anonymous Symbol]
    stm32f1xx_hal_i2c.o(.text.I2C_WaitOnTXEFlagUntilTimeout) refers to stm32f1xx_hal_i2c.o(.text.I2C_IsAcknowledgeFailed) for I2C_IsAcknowledgeFailed
    stm32f1xx_hal_i2c.o(.text.I2C_WaitOnTXEFlagUntilTimeout) refers to stm32f1xx_hal.o(.text.HAL_GetTick) for HAL_GetTick
    stm32f1xx_hal_i2c.o(.ARM.exidx.text.I2C_WaitOnTXEFlagUntilTimeout) refers to stm32f1xx_hal_i2c.o(.text.I2C_WaitOnTXEFlagUntilTimeout) for [Anonymous Symbol]
    stm32f1xx_hal_i2c.o(.text.I2C_WaitOnBTFFlagUntilTimeout) refers to stm32f1xx_hal_i2c.o(.text.I2C_IsAcknowledgeFailed) for I2C_IsAcknowledgeFailed
    stm32f1xx_hal_i2c.o(.text.I2C_WaitOnBTFFlagUntilTimeout) refers to stm32f1xx_hal.o(.text.HAL_GetTick) for HAL_GetTick
    stm32f1xx_hal_i2c.o(.ARM.exidx.text.I2C_WaitOnBTFFlagUntilTimeout) refers to stm32f1xx_hal_i2c.o(.text.I2C_WaitOnBTFFlagUntilTimeout) for [Anonymous Symbol]
    stm32f1xx_hal_i2c.o(.text.HAL_I2C_Master_Receive) refers to stm32f1xx_hal.o(.text.HAL_GetTick) for HAL_GetTick
    stm32f1xx_hal_i2c.o(.text.HAL_I2C_Master_Receive) refers to stm32f1xx_hal_i2c.o(.text.I2C_WaitOnFlagUntilTimeout) for I2C_WaitOnFlagUntilTimeout
    stm32f1xx_hal_i2c.o(.text.HAL_I2C_Master_Receive) refers to stm32f1xx_hal_i2c.o(.text.I2C_WaitOnMasterAddressFlagUntilTimeout) for I2C_WaitOnMasterAddressFlagUntilTimeout
    stm32f1xx_hal_i2c.o(.text.HAL_I2C_Master_Receive) refers to stm32f1xx_hal_i2c.o(.text.I2C_WaitOnRXNEFlagUntilTimeout) for I2C_WaitOnRXNEFlagUntilTimeout
    stm32f1xx_hal_i2c.o(.ARM.exidx.text.HAL_I2C_Master_Receive) refers to stm32f1xx_hal_i2c.o(.text.HAL_I2C_Master_Receive) for [Anonymous Symbol]
    stm32f1xx_hal_i2c.o(.text.I2C_WaitOnRXNEFlagUntilTimeout) refers to stm32f1xx_hal.o(.text.HAL_GetTick) for HAL_GetTick
    stm32f1xx_hal_i2c.o(.ARM.exidx.text.I2C_WaitOnRXNEFlagUntilTimeout) refers to stm32f1xx_hal_i2c.o(.text.I2C_WaitOnRXNEFlagUntilTimeout) for [Anonymous Symbol]
    stm32f1xx_hal_i2c.o(.text.HAL_I2C_Slave_Transmit) refers to stm32f1xx_hal.o(.text.HAL_GetTick) for HAL_GetTick
    stm32f1xx_hal_i2c.o(.text.HAL_I2C_Slave_Transmit) refers to stm32f1xx_hal_i2c.o(.text.I2C_WaitOnFlagUntilTimeout) for I2C_WaitOnFlagUntilTimeout
[...]
    .ARM.Collect$$libinit$$0000002E          0x08000148   Section        0  libinit2.o(.ARM.Collect$$libinit$$0000002E)
    .ARM.Collect$$libinit$$00000030          0x08000148   Section        0  libinit2.o(.ARM.Collect$$libinit$$00000030)
    .ARM.Collect$$libinit$$00000032          0x08000148   Section        0  libinit2.o(.ARM.Collect$$libinit$$00000032)
    .ARM.Collect$$libinit$$00000033          0x08000148   Section        2  libinit2.o(.ARM.Collect$$libinit$$00000033)
    .ARM.Collect$$libshutdown$$00000000      0x0800014a   Section        2  libshutdown.o(.ARM.Collect$$libshutdown$$00000000)
    .ARM.Collect$$libshutdown$$00000002      0x0800014c   Section        0  libshutdown2.o(.ARM.Collect$$libshutdown$$00000002)
    .ARM.Collect$$libshutdown$$00000004      0x0800014c   Section        0  libshutdown2.o(.ARM.Collect$$libshutdown$$00000004)
    .ARM.Collect$$libshutdown$$00000007      0x0800014c   Section        0  libshutdown2.o(.ARM.Collect$$libshutdown$$00000007)
    .ARM.Collect$$libshutdown$$0000000A      0x0800014c   Section        0  libshutdown2.o(.ARM.Collect$$libshutdown$$0000000A)
    .ARM.Collect$$libshutdown$$0000000C      0x0800014c   Section        0  libshutdown2.o(.ARM.Collect$$libshutdown$$0000000C)
    .ARM.Collect$$libshutdown$$0000000F      0x0800014c   Section        0  libshutdown2.o(.ARM.Collect$$libshutdown$$0000000F)
    .ARM.Collect$$libshutdown$$00000010      0x0800014c   Section        2  libshutdown2.o(.ARM.Collect$$libshutdown$$00000010)
    .ARM.Collect$$rtentry$$00000000          0x0800014e   Section        0  __rtentry.o(.ARM.Collect$$rtentry$$00000000)
    .ARM.Collect$$rtentry$$00000002          0x0800014e   Section        0  __rtentry2.o(.ARM.Collect$$rtentry$$00000002)
    .ARM.Collect$$rtentry$$00000005          0x0800014e   Section        4  __rtentry5.o(.ARM.Collect$$rtentry$$00000005)
    .ARM.Collect$$rtentry$$00000009          0x08000152   Section        0  __rtentry2.o(.ARM.Collect$$rtentry$$00000009)
    .ARM.Collect$$rtentry$$0000000A          0x08000152   Section        4  __rtentry2.o(.ARM.Collect$$rtentry$$0000000A)
    .ARM.Collect$$rtentry$$0000000C          0x08000156   Section        0  __rtentry2.o(.ARM.Collect$$rtentry$$0000000C)
    .ARM.Collect$$rtentry$$0000000D          0x08000156   Section        8  __rtentry2.o(.ARM.Collect$$rtentry$$0000000D)
    .ARM.Collect$$rtentry$$00002716          0x08000160   Section        4  __rtentry5.o(.ARM.Collect$$rtentry$$00002716)
    __lit__00000000                          0x08000160   Data           4  __rtentry5.o(.ARM.Collect$$rtentry$$00002716)
    .ARM.Collect$$rtexit$$00000000           0x08000164   Section        2  rtexit.o(.ARM.Collect$$rtexit$$00000000)
    .ARM.Collect$$rtexit$$00000002           0x08000166   Section        0  rtexit2.o(.ARM.Collect$$rtexit$$00000002)
    .ARM.Collect$$rtexit$$00000003           0x08000166   Section        4  rtexit2.o(.ARM.Collect$$rtexit$$00000003)
    .ARM.Collect$$rtexit$$00000004           0x0800016a   Section        6  rtexit2.o(.ARM.Collect$$rtexit$$00000004)
    .text                                    0x08000170   Section       36  startup_stm32f103xb.o(.text)
    .text                                    0x08000194   Section        0  exit.o(.text)
    .text                                    0x080001a6   Section        2  use_no_semi.o(.text)
    .text                                    0x080001a8   Section        0  sys_exit.o(.text)
    .text                                    0x080001a8   Section        0  indicate_semi.o(.text)
    .text                                    0x080001b4   Section        8  rt_fp_status_addr_intlibspace.o(.text)
    [Anonymous Symbol]                       0x080001bc   Section        0  stm32f1xx_hal_adc.o(.text.ADC_ConversionStop_Disable)
    [Anonymous Symbol]                       0x08000204   Section        0  stm32f1xx_hal_adc.o(.text.ADC_Enable)
    __arm_cp.6_0                             0x08000270   Number         4  stm32f1xx_hal_adc.o(.text.ADC_Enable)
    __arm_cp.6_1                             0x08000274   Number         4  stm32f1xx_hal_adc.o(.text.ADC_Enable)
    [Anonymous Symbol]                       0x08000278   Section        0  anin.o(.text.ANIN_Service)
    __arm_cp.0_7                             0x080006b4   Number         4  anin.o(.text.ANIN_Service)
    __arm_cp.0_0                             0x08000850   Number         4  anin.o(.text.ANIN_Service)
    __arm_cp.0_1                             0x08000854   Number         4  anin.o(.text.ANIN_Service)
    __arm_cp.0_2                             0x08000858   Number         4  anin.o(.text.ANIN_Service)
    __arm_cp.0_3                             0x0800085c   Number         4  anin.o(.text.ANIN_Service)
    __arm_cp.0_4                             0x08000860   Number         4  anin.o(.text.ANIN_Service)
    __arm_cp.0_5                             0x08000864   Number         4  anin.o(.text.ANIN_Service)
    [Anonymous Symbol]                       0x08000868   Section        0  stm32f1xx_it.o(.text.BusFault_Handler)
    [Anonymous Symbol]                       0x0800086a   Section        0  common.o(.text.CalcCRC)
    [Anonymous Symbol]                       0x08000882   Section        0  common.o(.text.ClearBuffer)
    [Anonymous Symbol]                       0x08000894   Section        0  dio.o(.text.DIO_Service)
    __arm_cp.0_39                            0x08000b6c   Number         4  dio.o(.text.DIO_Service)
    __arm_cp.0_40                            0x08000b70   Number         4  dio.o(.text.DIO_Service)
    __arm_cp.0_1                             0x08001624   Number         4  dio.o(.text.DIO_Service)
    __arm_cp.0_2                             0x08001628   Number         4  dio.o(.text.DIO_Service)
    __arm_cp.0_3                             0x0800162c   Number         4  dio.o(.text.DIO_Service)
    __arm_cp.0_4                             0x08001630   Number         4  dio.o(.text.DIO_Service)
    __arm_cp.0_5                             0x08001634   Number         4  dio.o(.text.DIO_Service)
    __arm_cp.0_6                             0x08001638   Number         4  dio.o(.text.DIO_Service)
    __arm_cp.0_7                             0x0800163c   Number         4  dio.o(.text.DIO_Service)
    __arm_cp.0_8                             0x08001640   Number         4  dio.o(.text.DIO_Service)
    __arm_cp.0_9                             0x08001644   Number         4  dio.o(.text.DIO_Service)
    __arm_cp.0_10                            0x08001648   Number         4  dio.o(.text.DIO_Service)
    __arm_cp.0_11                            0x0800164c   Number         4  dio.o(.text.DIO_Service)
    __arm_cp.0_12                            0x08001650   Number         4  dio.o(.text.DIO_Service)
    __arm_cp.0_13                            0x08001654   Number         4  dio.o(.text.DIO_Service)
    __arm_cp.0_14                            0x08001658   Number         4  dio.o(.text.DIO_Service)
    __arm_cp.0_15                            0x0800165c   Number         4  dio.o(.text.DIO_Service)
    __arm_cp.0_16                            0x08001660   Number         4  dio.o(.text.DIO_Service)
    __arm_cp.0_17                            0x08001664   Number         4  dio.o(.text.DIO_Service)
    __arm_cp.0_18                            0x08001668   Number         4  dio.o(.text.DIO_Service)
    __arm_cp.0_19                            0x0800166c   Number         4  dio.o(.text.DIO_Service)
    __arm_cp.0_20                            0x08001670   Number         4  dio.o(.text.DIO_Service)
    __arm_cp.0_21                            0x08001674   Number         4  dio.o(.text.DIO_Service)
    __arm_cp.0_22                            0x08001678   Number         4  dio.o(.text.DIO_Service)
    __arm_cp.0_23                            0x0800167c   Number         4  dio.o(.text.DIO_Service)
    __arm_cp.0_24                            0x08001680   Number         4  dio.o(.text.DIO_Service)
    __arm_cp.0_25                            0x08001684   Number         4  dio.o(.text.DIO_Service)
    __arm_cp.0_26                            0x08001688   Number         4  dio.o(.text.DIO_Service)
    __arm_cp.0_28                            0x0800168c   Number         4  dio.o(.text.DIO_Service)
    __arm_cp.0_29                            0x08001690   Number         4  dio.o(.text.DIO_Service)
    __arm_cp.0_30                            0x08001694   Number         4  dio.o(.text.DIO_Service)
    __arm_cp.0_31                            0x08001698   Number         4  dio.o(.text.DIO_Service)
    __arm_cp.0_32                            0x0800169c   Number         4  dio.o(.text.DIO_Service)
    __arm_cp.0_33                            0x080016a0   Number         4  dio.o(.text.DIO_Service)
    __arm_cp.0_34                            0x080016a4   Number         4  dio.o(.text.DIO_Service)
    __arm_cp.0_35                            0x080016a8   Number         4  dio.o(.text.DIO_Service)
    [Anonymous Symbol]                       0x080016ac   Section        0  stm32f1xx_it.o(.text.DebugMon_Handler)
    [Anonymous Symbol]                       0x080016ae   Section        0  common.o(.text.Delay)
    [Anonymous Symbol]                       0x080016cc   Section        0  stm32f1xx_hal_adc.o(.text.HAL_ADC_ConfigChannel)
    __arm_cp.23_0                            0x080017c4   Number         4  stm32f1xx_hal_adc.o(.text.HAL_ADC_ConfigChannel)
    __arm_cp.23_2                            0x080017c8   Number         4  stm32f1xx_hal_adc.o(.text.HAL_ADC_ConfigChannel)
    [Anonymous Symbol]                       0x080017cc   Section        0  stm32f1xx_hal_adc.o(.text.HAL_ADC_GetValue)
    [Anonymous Symbol]                       0x080017d4   Section        0  stm32f1xx_hal_adc.o(.text.HAL_ADC_Init)
    __arm_cp.0_0                             0x080018d4   Number         4  stm32f1xx_hal_adc.o(.text.HAL_ADC_Init)
    __arm_cp.0_1                             0x080018d8   Number         4  stm32f1xx_hal_adc.o(.text.HAL_ADC_Init)
    __arm_cp.0_2                             0x080018dc   Number         4  stm32f1xx_hal_adc.o(.text.HAL_ADC_Init)
    __arm_cp.0_3                             0x080018e0   Number         4  stm32f1xx_hal_adc.o(.text.HAL_ADC_Init)
    [Anonymous Symbol]                       0x080018e4   Section        0  stm32f1xx_hal_msp.o(.text.HAL_ADC_MspInit)
    __arm_cp.1_0                             0x0800191c   Number         4  stm32f1xx_hal_msp.o(.text.HAL_ADC_MspInit)
    __arm_cp.1_1                             0x08001920   Number         4  stm32f1xx_hal_msp.o(.text.HAL_ADC_MspInit)
    [Anonymous Symbol]                       0x08001924   Section        0  stm32f1xx_hal_adc.o(.text.HAL_ADC_PollForConversion)
    __arm_cp.8_0                             0x08001a58   Number         4  stm32f1xx_hal_adc.o(.text.HAL_ADC_PollForConversion)
    __arm_cp.8_1                             0x08001a5c   Number         4  stm32f1xx_hal_adc.o(.text.HAL_ADC_PollForConversion)
    __arm_cp.8_2                             0x08001a60   Number         4  stm32f1xx_hal_adc.o(.text.HAL_ADC_PollForConversion)
    __arm_cp.8_3                             0x08001a64   Number         4  stm32f1xx_hal_adc.o(.text.HAL_ADC_PollForConversion)
    __arm_cp.8_4                             0x08001a68   Number         4  stm32f1xx_hal_adc.o(.text.HAL_ADC_PollForConversion)
    __arm_cp.8_5                             0x08001a6c   Number         4  stm32f1xx_hal_adc.o(.text.HAL_ADC_PollForConversion)
    [Anonymous Symbol]                       0x08001a70   Section        0  stm32f1xx_hal_adc.o(.text.HAL_ADC_Start)
    __arm_cp.5_0                             0x08001b2c   Number         4  stm32f1xx_hal_adc.o(.text.HAL_ADC_Start)
    [Anonymous Symbol]                       0x08001b30   Section        0  stm32f1xx_hal_dma.o(.text.HAL_DMA_Abort_IT)
    __arm_cp.6_0                             0x08001bb4   Number         4  stm32f1xx_hal_dma.o(.text.HAL_DMA_Abort_IT)
    __arm_cp.6_1                             0x08001bb8   Number         4  stm32f1xx_hal_dma.o(.text.HAL_DMA_Abort_IT)
    __arm_cp.6_2                             0x08001bbc   Number         4  stm32f1xx_hal_dma.o(.text.HAL_DMA_Abort_IT)
    __arm_cp.6_3                             0x08001bc0   Number         4  stm32f1xx_hal_dma.o(.text.HAL_DMA_Abort_IT)
    __arm_cp.6_4                             0x08001bc4   Number         4  stm32f1xx_hal_dma.o(.text.HAL_DMA_Abort_IT)
    __arm_cp.6_5                             0x08001bc8   Number         4  stm32f1xx_hal_dma.o(.text.HAL_DMA_Abort_IT)
    [Anonymous Symbol]                       0x08001bcc   Section        0  stm32f1xx_hal.o(.text.HAL_Delay)
    [Anonymous Symbol]                       0x08001bec   Section        0  stm32f1xx_hal_gpio.o(.text.HAL_GPIO_Init)
    __arm_cp.0_0                             0x08001d7c   Number         4  stm32f1xx_hal_gpio.o(.text.HAL_GPIO_Init)
    __arm_cp.0_1                             0x08001d80   Number         4  stm32f1xx_hal_gpio.o(.text.HAL_GPIO_Init)
    __arm_cp.0_2                             0x08001d84   Number         4  stm32f1xx_hal_gpio.o(.text.HAL_GPIO_Init)
    __arm_cp.0_3                             0x08001d88   Number         4  stm32f1xx_hal_gpio.o(.text.HAL_GPIO_Init)
    __arm_cp.0_4                             0x08001d8c   Number         4  stm32f1xx_hal_gpio.o(.text.HAL_GPIO_Init)
    __arm_cp.0_5                             0x08001d90   Number         4  stm32f1xx_hal_gpio.o(.text.HAL_GPIO_Init)
    __arm_cp.0_6                             0x08001d94   Number         4  stm32f1xx_hal_gpio.o(.text.HAL_GPIO_Init)
    __arm_cp.0_7                             0x08001d98   Number         4  stm32f1xx_hal_gpio.o(.text.HAL_GPIO_Init)
    __arm_cp.0_8                             0x08001d9c   Number         4  stm32f1xx_hal_gpio.o(.text.HAL_GPIO_Init)
    __arm_cp.0_9                             0x08001da0   Number         4  stm32f1xx_hal_gpio.o(.text.HAL_GPIO_Init)
    __arm_cp.0_10                            0x08001da4   Number         4  stm32f1xx_hal_gpio.o(.text.HAL_GPIO_Init)
    __arm_cp.0_11                            0x08001da8   Number         4  stm32f1xx_hal_gpio.o(.text.HAL_GPIO_Init)
    __arm_cp.0_12                            0x08001dac   Number         4  stm32f1xx_hal_gpio.o(.text.HAL_GPIO_Init)
    __arm_cp.0_13                            0x08001db0   Number         4  stm32f1xx_hal_gpio.o(.text.HAL_GPIO_Init)
    [Anonymous Symbol]                       0x08001db4   Section        0  stm32f1xx_hal_gpio.o(.text.HAL_GPIO_WritePin)
    [Anonymous Symbol]                       0x08001dc0   Section        0  stm32f1xx_hal.o(.text.HAL_GetTick)
    __arm_cp.6_0                             0x08001dc8   Number         4  stm32f1xx_hal.o(.text.HAL_GetTick)
    [Anonymous Symbol]                       0x08001dcc   Section        0  stm32f1xx_hal_i2c.o(.text.HAL_I2C_Init)
    __arm_cp.0_0                             0x08001eb4   Number         4  stm32f1xx_hal_i2c.o(.text.HAL_I2C_Init)
    __arm_cp.0_1                             0x08001eb8   Number         4  stm32f1xx_hal_i2c.o(.text.HAL_I2C_Init)
    [Anonymous Symbol]                       0x08001ebc   Section        0  stm32f1xx_hal_i2c.o(.text.HAL_I2C_IsDeviceReady)
    __arm_cp.38_0                            0x08001ff8   Number         4  stm32f1xx_hal_i2c.o(.text.HAL_I2C_IsDeviceReady)
    __arm_cp.38_1                            0x08001ffc   Number         4  stm32f1xx_hal_i2c.o(.text.HAL_I2C_IsDeviceReady)
    __arm_cp.38_2                            0x08002000   Number         4  stm32f1xx_hal_i2c.o(.text.HAL_I2C_IsDeviceReady)
    [Anonymous Symbol]                       0x08002004   Section        0  stm32f1xx_hal_i2c.o(.text.HAL_I2C_Master_Receive)
    __arm_cp.8_0                             0x08002338   Number         4  stm32f1xx_hal_i2c.o(.text.HAL_I2C_Master_Receive)
    [Anonymous Symbol]                       0x0800233c   Section        0  stm32f1xx_hal_i2c.o(.text.HAL_I2C_Master_Transmit)
    __arm_cp.4_0                             0x080024e8   Number         4  stm32f1xx_hal_i2c.o(.text.HAL_I2C_Master_Transmit)
    [Anonymous Symbol]                       0x080024ec   Section        0  stm32f1xx_hal_msp.o(.text.HAL_I2C_MspInit)
    __arm_cp.3_0                             0x0800252c   Number         4  stm32f1xx_hal_msp.o(.text.HAL_I2C_MspInit)
    __arm_cp.3_1                             0x08002530   Number         4  stm32f1xx_hal_msp.o(.text.HAL_I2C_MspInit)
    [Anonymous Symbol]                       0x08002534   Section        0  stm32f1xx_hal_iwdg.o(.text.HAL_IWDG_Init)
    [Anonymous Symbol]                       0x0800257a   Section        0  stm32f1xx_hal_iwdg.o(.text.HAL_IWDG_Refresh)
    [Anonymous Symbol]                       0x08002588   Section        0  stm32f1xx_hal.o(.text.HAL_IncTick)
    __arm_cp.5_0                             0x08002594   Number         4  stm32f1xx_hal.o(.text.HAL_IncTick)
    [Anonymous Symbol]                       0x08002598   Section        0  stm32f1xx_hal.o(.text.HAL_Init)
    __arm_cp.0_0                             0x080025b8   Number         4  stm32f1xx_hal.o(.text.HAL_Init)
    [Anonymous Symbol]                       0x080025bc   Section        0  stm32f1xx_hal.o(.text.HAL_InitTick)
    __arm_cp.1_0                             0x080025e0   Number         4  stm32f1xx_hal.o(.text.HAL_InitTick)
    [Anonymous Symbol]                       0x080025e4   Section        0  stm32f1xx_hal_msp.o(.text.HAL_MspInit)
    __arm_cp.0_0                             0x0800265c   Number         4  stm32f1xx_hal_msp.o(.text.HAL_MspInit)
    __arm_cp.0_1                             0x08002660   Number         4  stm32f1xx_hal_msp.o(.text.HAL_MspInit)
    __arm_cp.0_2                             0x08002664   Number         4  stm32f1xx_hal_msp.o(.text.HAL_MspInit)
    [Anonymous Symbol]                       0x08002668   Section        0  stm32f1xx_hal_cortex.o(.text.HAL_NVIC_ClearPendingIRQ)
    __arm_cp.11_0                            0x08002680   Number         4  stm32f1xx_hal_cortex.o(.text.HAL_NVIC_ClearPendingIRQ)
    [Anonymous Symbol]                       0x08002684   Section        0  stm32f1xx_hal_cortex.o(.text.HAL_NVIC_EnableIRQ)
    __arm_cp.2_0                             0x0800269c   Number         4  stm32f1xx_hal_cortex.o(.text.HAL_NVIC_EnableIRQ)
    [Anonymous Symbol]                       0x080026a0   Section        0  stm32f1xx_hal_cortex.o(.text.HAL_NVIC_SetPriority)
    __arm_cp.1_0                             0x080026f4   Number         4  stm32f1xx_hal_cortex.o(.text.HAL_NVIC_SetPriority)
    [Anonymous Symbol]                       0x080026f8   Section        0  stm32f1xx_hal_cortex.o(.text.HAL_NVIC_SetPriorityGrouping)
    __arm_cp.0_0                             0x08002710   Number         4  stm32f1xx_hal_cortex.o(.text.HAL_NVIC_SetPriorityGrouping)
    __arm_cp.0_1                             0x08002714   Number         4  stm32f1xx_hal_cortex.o(.text.HAL_NVIC_SetPriorityGrouping)
    [Anonymous Symbol]                       0x08002718   Section        0  stm32f1xx_hal_rcc_ex.o(.text.HAL_RCCEx_GetPeriphCLKFreq)
    __arm_cp.2_0                             0x080027d0   Number         4  stm32f1xx_hal_rcc_ex.o(.text.HAL_RCCEx_GetPeriphCLKFreq)
    HAL_RCCEx_GetPeriphCLKFreq.aPLLMULFactorTable 0x080027d4   Number         0  stm32f1xx_hal_rcc_ex.o(.text.HAL_RCCEx_GetPeriphCLKFreq)
    HAL_RCCEx_GetPeriphCLKFreq.aPredivFactorTable 0x080027e4   Number         0  stm32f1xx_hal_rcc_ex.o(.text.HAL_RCCEx_GetPeriphCLKFreq)
    [Anonymous Symbol]                       0x080027e8   Section        0  stm32f1xx_hal_rcc_ex.o(.text.HAL_RCCEx_PeriphCLKConfig)
    __arm_cp.0_1                             0x080028dc   Number         4  stm32f1xx_hal_rcc_ex.o(.text.HAL_RCCEx_PeriphCLKConfig)
    __arm_cp.0_2                             0x080028e0   Number         4  stm32f1xx_hal_rcc_ex.o(.text.HAL_RCCEx_PeriphCLKConfig)
    [Anonymous Symbol]                       0x080028e4   Section        0  stm32f1xx_hal_rcc.o(.text.HAL_RCC_ClockConfig)
    __arm_cp.2_0                             0x08002a18   Number         4  stm32f1xx_hal_rcc.o(.text.HAL_RCC_ClockConfig)
    __arm_cp.2_1                             0x08002a1c   Number         4  stm32f1xx_hal_rcc.o(.text.HAL_RCC_ClockConfig)
    [Anonymous Symbol]                       0x08002a20   Section        0  stm32f1xx_hal_rcc.o(.text.HAL_RCC_GetHCLKFreq)
    [Anonymous Symbol]                       0x08002a28   Section        0  stm32f1xx_hal_rcc.o(.text.HAL_RCC_GetPCLK1Freq)
    [Anonymous Symbol]                       0x08002a3c   Section        0  stm32f1xx_hal_rcc.o(.text.HAL_RCC_GetPCLK2Freq)
    __arm_cp.9_0                             0x08002a50   Number         4  stm32f1xx_hal_rcc.o(.text.HAL_RCC_GetPCLK2Freq)
    __arm_cp.9_2                             0x08002a54   Number         4  stm32f1xx_hal_rcc.o(.text.HAL_RCC_GetPCLK2Freq)
    [Anonymous Symbol]                       0x08002a58   Section        0  stm32f1xx_hal_rcc.o(.text.HAL_RCC_GetSysClockFreq)
    __arm_cp.3_0                             0x08002a90   Number         4  stm32f1xx_hal_rcc.o(.text.HAL_RCC_GetSysClockFreq)
    __arm_cp.3_1                             0x08002a94   Number         4  stm32f1xx_hal_rcc.o(.text.HAL_RCC_GetSysClockFreq)
    HAL_RCC_GetSysClockFreq.aPLLMULFactorTable 0x08002a98   Number         0  stm32f1xx_hal_rcc.o(.text.HAL_RCC_GetSysClockFreq)
    HAL_RCC_GetSysClockFreq.aPredivFactorTable 0x08002aa8   Number         0  stm32f1xx_hal_rcc.o(.text.HAL_RCC_GetSysClockFreq)
    __arm_cp.3_4                             0x08002aac   Number         4  stm32f1xx_hal_rcc.o(.text.HAL_RCC_GetSysClockFreq)
    [Anonymous Symbol]                       0x08002ab0   Section        0  stm32f1xx_hal_rcc.o(.text.HAL_RCC_OscConfig)
    __arm_cp.1_0                             0x08002de4   Number         4  stm32f1xx_hal_rcc.o(.text.HAL_RCC_OscConfig)
    __arm_cp.1_1                             0x08002de8   Number         4  stm32f1xx_hal_rcc.o(.text.HAL_RCC_OscConfig)
    __arm_cp.1_2                             0x08002dec   Number         4  stm32f1xx_hal_rcc.o(.text.HAL_RCC_OscConfig)
    __arm_cp.1_3                             0x08002df0   Number         4  stm32f1xx_hal_rcc.o(.text.HAL_RCC_OscConfig)
    __arm_cp.1_4                             0x08002df4   Number         4  stm32f1xx_hal_rcc.o(.text.HAL_RCC_OscConfig)
    [Anonymous Symbol]                       0x08002df8   Section        0  stm32f1xx_hal_spi_ex.o(.text.HAL_SPI_Init)
    [Anonymous Symbol]                       0x08002e78   Section        0  stm32f1xx_hal_msp.o(.text.HAL_SPI_MspInit)
    [Anonymous Symbol]                       0x08002ec8   Section        0  stm32f1xx_hal_cortex.o(.text.HAL_SYSTICK_CLKSourceConfig)
    [Anonymous Symbol]                       0x08002edc   Section        0  stm32f1xx_hal_cortex.o(.text.HAL_SYSTICK_Callback)
    [Anonymous Symbol]                       0x08002ee0   Section        0  stm32f1xx_hal_cortex.o(.text.HAL_SYSTICK_Config)
    __arm_cp.6_0                             0x08002f00   Number         4  stm32f1xx_hal_cortex.o(.text.HAL_SYSTICK_Config)
    __arm_cp.6_1                             0x08002f04   Number         4  stm32f1xx_hal_cortex.o(.text.HAL_SYSTICK_Config)
    [Anonymous Symbol]                       0x08002f08   Section        0  stm32f1xx_hal_cortex.o(.text.HAL_SYSTICK_IRQHandler)
    [Anonymous Symbol]                       0x08002f0c   Section        0  stm32f1xx_hal_uart.o(.text.HAL_UART_ErrorCallback)
    [Anonymous Symbol]                       0x08002f0e   Section        0  stm32f1xx_hal_uart.o(.text.HAL_UART_GetState)
    [Anonymous Symbol]                       0x08002f1c   Section        0  stm32f1xx_hal_uart.o(.text.HAL_UART_IRQHandler)
    __arm_cp.37_0                            0x08003074   Number         4  stm32f1xx_hal_uart.o(.text.HAL_UART_IRQHandler)
    [Anonymous Symbol]                       0x08003078   Section        0  stm32f1xx_hal_uart.o(.text.HAL_UART_Init)
    [Anonymous Symbol]                       0x080030d4   Section        0  stm32f1xx_hal_msp.o(.text.HAL_UART_MspInit)
    __arm_cp.7_0                             0x08003138   Number         4  stm32f1xx_hal_msp.o(.text.HAL_UART_MspInit)
    __arm_cp.7_1                             0x0800313c   Number         4  stm32f1xx_hal_msp.o(.text.HAL_UART_MspInit)
    [Anonymous Symbol]                       0x08003140   Section        0  stm32f1xx_hal_uart.o(.text.HAL_UART_Receive_IT)
    [Anonymous Symbol]                       0x0800318c   Section        0  stm32f1xx_hal_uart.o(.text.HAL_UART_Transmit)
    [Anonymous Symbol]                       0x08003234   Section        0  stm32f1xx_hal_uart.o(.text.HAL_UART_TxCpltCallback)
    [Anonymous Symbol]                       0x08003236   Section        0  stm32f1xx_it.o(.text.HardFault_Handler)
    [Anonymous Symbol]                       0x08003238   Section        0  stm32f1xx_hal_i2c.o(.text.I2C_IsAcknowledgeFailed)
    I2C_IsAcknowledgeFailed                  0x08003239   Thumb Code    44  stm32f1xx_hal_i2c.o(.text.I2C_IsAcknowledgeFailed)
    [Anonymous Symbol]                       0x08003260   Section        0  stm32f1xx_hal_i2c.o(.text.I2C_WaitOnBTFFlagUntilTimeout)
    I2C_WaitOnBTFFlagUntilTimeout            0x08003261   Thumb Code    82  stm32f1xx_hal_i2c.o(.text.I2C_WaitOnBTFFlagUntilTimeout)
    [Anonymous Symbol]                       0x080032b2   Section        0  stm32f1xx_hal_i2c.o(.text.I2C_WaitOnFlagUntilTimeout)
    I2C_WaitOnFlagUntilTimeout               0x080032b3   Thumb Code   108  stm32f1xx_hal_i2c.o(.text.I2C_WaitOnFlagUntilTimeout)
    [Anonymous Symbol]                       0x08003320   Section        0  stm32f1xx_hal_i2c.o(.text.I2C_WaitOnMasterAddressFlagUntilTimeout)
    I2C_WaitOnMasterAddressFlagUntilTimeout  0x08003321   Thumb Code   128  stm32f1xx_hal_i2c.o(.text.I2C_WaitOnMasterAddressFlagUntilTimeout)
    __arm_cp.55_0                            0x0800339c   Number         4  stm32f1xx_hal_i2c.o(.text.I2C_WaitOnMasterAddressFlagUntilTimeout)
    [Anonymous Symbol]                       0x080033a0   Section        0  stm32f1xx_hal_i2c.o(.text.I2C_WaitOnRXNEFlagUntilTimeout)
    I2C_WaitOnRXNEFlagUntilTimeout           0x080033a1   Thumb Code    84  stm32f1xx_hal_i2c.o(.text.I2C_WaitOnRXNEFlagUntilTimeout)
    [Anonymous Symbol]                       0x080033f4   Section        0  stm32f1xx_hal_i2c.o(.text.I2C_WaitOnTXEFlagUntilTimeout)
    I2C_WaitOnTXEFlagUntilTimeout            0x080033f5   Thumb Code    82  stm32f1xx_hal_i2c.o(.text.I2C_WaitOnTXEFlagUntilTimeout)
    [Anonymous Symbol]                       0x08003448   Section        0  dio.o(.text.LED_ErrorSignal)
    __arm_cp.1_0                             0x080035b4   Number         4  dio.o(.text.LED_ErrorSignal)
    [Anonymous Symbol]                       0x080035b8   Section        0  dio.o(.text.LED_SetAllOff)
    [Anonymous Symbol]                       0x08003618   Section        0  dio.o(.text.LED_SetAllOn)
    __arm_cp.3_0                             0x08003678   Number         4  dio.o(.text.LED_SetAllOn)
    __arm_cp.3_1                             0x0800367c   Number         4  dio.o(.text.LED_SetAllOn)
    [Anonymous Symbol]                       0x08003680   Section        0  stm32f1xx_it.o(.text.MemManage_Handler)
    [Anonymous Symbol]                       0x08003682   Section        0  stm32f1xx_it.o(.text.NMI_Handler)
    [Anonymous Symbol]                       0x08003684   Section        0  stm32f1xx_it.o(.text.PendSV_Handler)
    [Anonymous Symbol]                       0x08003688   Section        0  radio.o(.text.RADIO_Service)
    __arm_cp.0_0                             0x080038b0   Number         4  radio.o(.text.RADIO_Service)
    __arm_cp.0_1                             0x080038b4   Number         4  radio.o(.text.RADIO_Service)
    __arm_cp.0_2                             0x080038b8   Number         4  radio.o(.text.RADIO_Service)
    __arm_cp.0_3                             0x080038bc   Number         4  radio.o(.text.RADIO_Service)
    __arm_cp.0_4                             0x080038c0   Number         4  radio.o(.text.RADIO_Service)
    __arm_cp.0_5                             0x080038c4   Number         4  radio.o(.text.RADIO_Service)
    __arm_cp.0_7                             0x080038d8   Number         4  radio.o(.text.RADIO_Service)
    [Anonymous Symbol]                       0x080038dc   Section        0  stm32f1xx_it.o(.text.SVC_Handler)
    [Anonymous Symbol]                       0x080038e0   Section        0  stm32f1xx_it.o(.text.SysTick_Handler)
    __arm_cp.0_2                             0x0800393c   Number         4  stm32f1xx_it.o(.text.SysTick_Handler)
    __arm_cp.0_3                             0x08003940   Number         4  stm32f1xx_it.o(.text.SysTick_Handler)
    __arm_cp.0_4                             0x08003944   Number         4  stm32f1xx_it.o(.text.SysTick_Handler)
    __arm_cp.0_5                             0x08003948   Number         4  stm32f1xx_it.o(.text.SysTick_Handler)
    __arm_cp.0_6                             0x0800394c   Number         4  stm32f1xx_it.o(.text.SysTick_Handler)
    [Anonymous Symbol]                       0x08003950   Section        0  main.o(.text.SystemClock_Config)
    [Anonymous Symbol]                       0x080039bc   Section        0  system_stm32f1xx.o(.text.SystemInit)
    __arm_cp.0_0                             0x080039f8   Number         4  system_stm32f1xx.o(.text.SystemInit)
    __arm_cp.0_1                             0x080039fc   Number         4  system_stm32f1xx.o(.text.SystemInit)
    __arm_cp.0_2                             0x08003a00   Number         4  system_stm32f1xx.o(.text.SystemInit)
    __arm_cp.0_3                             0x08003a04   Number         4  system_stm32f1xx.o(.text.SystemInit)
    [Anonymous Symbol]                       0x08003a08   Section        0  stm32f1xx_hal_uart.o(.text.UART_DMAAbortOnError)
    UART_DMAAbortOnError                     0x08003a09   Thumb Code    12  stm32f1xx_hal_uart.o(.text.UART_DMAAbortOnError)
    [Anonymous Symbol]                       0x08003a14   Section        0  stm32f1xx_hal_uart.o(.text.UART_EndRxTransfer)
    UART_EndRxTransfer                       0x08003a15   Thumb Code    26  stm32f1xx_hal_uart.o(.text.UART_EndRxTransfer)
    [Anonymous Symbol]                       0x08003a30   Section        0  stm32f1xx_hal_uart.o(.text.UART_Receive_IT)
    UART_Receive_IT                          0x08003a31   Thumb Code   188  stm32f1xx_hal_uart.o(.text.UART_Receive_IT)
    __arm_cp.38_0                            0x08003ad0   Number         4  stm32f1xx_hal_uart.o(.text.UART_Receive_IT)
    __arm_cp.38_1                            0x08003ad4   Number         4  stm32f1xx_hal_uart.o(.text.UART_Receive_IT)
    __arm_cp.38_2                            0x08003ad8   Number         4  stm32f1xx_hal_uart.o(.text.UART_Receive_IT)
    __arm_cp.38_4                            0x08003adc   Number         4  stm32f1xx_hal_uart.o(.text.UART_Receive_IT)
    __arm_cp.38_5                            0x08003ae0   Number         4  stm32f1xx_hal_uart.o(.text.UART_Receive_IT)
    __arm_cp.38_6                            0x08003ae4   Number         4  stm32f1xx_hal_uart.o(.text.UART_Receive_IT)
    [Anonymous Symbol]                       0x08003ae8   Section        0  stm32f1xx_hal_uart.o(.text.UART_SetConfig)
    UART_SetConfig                           0x08003ae9   Thumb Code   232  stm32f1xx_hal_uart.o(.text.UART_SetConfig)
    __arm_cp.2_0                             0x08003bc4   Number         4  stm32f1xx_hal_uart.o(.text.UART_SetConfig)
    __arm_cp.2_1                             0x08003bc8   Number         4  stm32f1xx_hal_uart.o(.text.UART_SetConfig)
    __arm_cp.2_2                             0x08003bcc   Number         4  stm32f1xx_hal_uart.o(.text.UART_SetConfig)
    [Anonymous Symbol]                       0x08003bd0   Section        0  stm32f1xx_hal_uart.o(.text.UART_WaitOnFlagUntilTimeout)
    UART_WaitOnFlagUntilTimeout              0x08003bd1   Thumb Code    88  stm32f1xx_hal_uart.o(.text.UART_WaitOnFlagUntilTimeout)
    [Anonymous Symbol]                       0x08003c28   Section        0  stm32f1xx_it.o(.text.USART1_IRQHandler)
    __arm_cp.9_0                             0x08003c3c   Number         4  stm32f1xx_it.o(.text.USART1_IRQHandler)
    [Anonymous Symbol]                       0x08003c40   Section        0  stm32f1xx_it.o(.text.UsageFault_Handler)
    [Anonymous Symbol]                       0x08003c42   Section        0  main.o(.text._Error_Handler)
    [Anonymous Symbol]                       0x08003c44   Section        0  main.o(.text.main)
    __arm_cp.0_34                            0x0800402c   Number         4  main.o(.text.main)
    __arm_cp.0_35                            0x08004030   Number         4  main.o(.text.main)
    __arm_cp.0_36                            0x08004034   Number         4  main.o(.text.main)
    __arm_cp.0_37                            0x08004038   Number         4  main.o(.text.main)
    __arm_cp.0_38                            0x0800403c   Number         4  main.o(.text.main)
    __arm_cp.0_39                            0x08004040   Number         4  main.o(.text.main)
    __arm_cp.0_0                             0x08004168   Number         4  main.o(.text.main)
    __arm_cp.0_4                             0x0800416c   Number         4  main.o(.text.main)
    __arm_cp.0_6                             0x08004170   Number         4  main.o(.text.main)
    __arm_cp.0_8                             0x08004174   Number         4  main.o(.text.main)
    __arm_cp.0_9                             0x08004178   Number         4  main.o(.text.main)
    __arm_cp.0_11                            0x0800417c   Number         4  main.o(.text.main)
    __arm_cp.0_12                            0x08004180   Number         4  main.o(.text.main)
    __arm_cp.0_13                            0x08004184   Number         4  main.o(.text.main)
    __arm_cp.0_14                            0x08004188   Number         4  main.o(.text.main)
    __arm_cp.0_15                            0x0800418c   Number         4  main.o(.text.main)
    __arm_cp.0_16                            0x08004190   Number         4  main.o(.text.main)
    __arm_cp.0_17                            0x08004194   Number         4  main.o(.text.main)
    __arm_cp.0_18                            0x08004198   Number         4  main.o(.text.main)
    __arm_cp.0_19                            0x0800419c   Number         4  main.o(.text.main)
    __arm_cp.0_20                            0x080041a0   Number         4  main.o(.text.main)
    __arm_cp.0_21                            0x080041a4   Number         4  main.o(.text.main)
    __arm_cp.0_22                            0x080041a8   Number         4  main.o(.text.main)
    __arm_cp.0_23                            0x080041ac   Number         4  main.o(.text.main)
    __arm_cp.0_24                            0x080041b0   Number         4  main.o(.text.main)
    __arm_cp.0_25                            0x080041b4   Number         4  main.o(.text.main)
    __arm_cp.0_26                            0x080041b8   Number         4  main.o(.text.main)
    __arm_cp.0_27                            0x080041bc   Number         4  main.o(.text.main)
    __arm_cp.0_28                            0x080041c0   Number         4  main.o(.text.main)
    __arm_cp.0_29                            0x080041c4   Number         4  main.o(.text.main)
    __arm_cp.0_30                            0x080041c8   Number         4  main.o(.text.main)
    __arm_cp.0_31                            0x080041cc   Number         4  main.o(.text.main)
    __arm_cp.0_32                            0x080041d0   Number         4  main.o(.text.main)
    __arm_cp.0_33                            0x080041d4   Number         4  main.o(.text.main)
    x$fpl$fpinit                             0x080041d8   Section       14  fpinit.o(x$fpl$fpinit)
    [Anonymous Symbol]                       0x080041fe   Section        0  anin.o(.rodata.str1.1)
    .L.str                                   0x080041fe   Data          14  anin.o(.rodata.str1.1)
    .bss                                     0x20000010   Section       96  libspace.o(.bss)
    [Anonymous Symbol]                       0x20000070   Section        0  radio.o(.bss..L_MergedGlobals)
    [Anonymous Symbol]                       0x200000c0   Section        0  anin.o(.bss..L_MergedGlobals)
    [Anonymous Symbol]                       0x20000110   Section        0  dio.o(.bss..L_MergedGlobals)
    [Anonymous Symbol]                       0x20000130   Section        0  main.o(.bss..L_MergedGlobals)
    [Anonymous Symbol]                       0x2000017c   Section        0  dio.o(.bss..L_MergedGlobals.1)
    DIO_Service.dio_pcnt                     0x2000017c   Data           1  dio.o(.bss..L_MergedGlobals.1)
    DIO_Service.DIN_ServiceState             0x2000017d   Data           1  dio.o(.bss..L_MergedGlobals.1)
    DIO_Service.SETUP_State                  0x2000017e   Data           1  dio.o(.bss..L_MergedGlobals.1)
    DIO_Service.dio_tmr                      0x20000180   Data           4  dio.o(.bss..L_MergedGlobals.1)
    [Anonymous Symbol]                       0x20000190   Section        0  main.o(.bss..L_MergedGlobals.1)
    [Anonymous Symbol]                       0x200001d0   Section        0  main.o(.bss..L_MergedGlobals.2)
    [Anonymous Symbol]                       0x20000230   Section        0  main.o(.bss..L_MergedGlobals.3)
    [Anonymous Symbol]                       0x20000288   Section        0  anin.o(.bss.ANIN_Service.ANIN_ServiceState)
    ANIN_Service.ANIN_ServiceState           0x20000288   Data           1  anin.o(.bss.ANIN_Service.ANIN_ServiceState)
    STACK                                    0x200002a0   Section     1024  startup_stm32f103xb.o(STACK)

    Global Symbols

    Symbol Name                              Value     Ov Type        Size  Object(Section)

    BuildAttributes$$THM_ISAv4$P$D$K$B$S$PE$A:L22UL41UL21$X:L11$S22US41US21$IEEE1$IW$~IW$USESV6$~STKCKD$USESV7$~SHL$OSPACE$ROPI$EBA8$UX$MICROLIB$REQ8$PRES8$EABIv2 0x00000000   Number         0  anon$$obj.o ABSOLUTE
    Image$$ZI$$Limit                          - Undefined Weak Reference
    __ARM_exceptions_init                     - Undefined Weak Reference
    __alloca_initialize                       - Undefined Weak Reference
    __arm_preinit_                            - Undefined Weak Reference
    __cpp_initialize__aeabi_                  - Undefined Weak Reference
    __cxa_finalize                            - Undefined Weak Reference
    __rt_locale                               - Undefined Weak Reference
    __sigvec_lookup                           - Undefined Weak Reference
    _atexit_init                              - Undefined Weak Reference
    _call_atexit_fns                          - Undefined Weak Reference
    _clock_init                               - Undefined Weak Reference
    _fp_trap_init                             - Undefined Weak Reference
    _fp_trap_shutdown                         - Undefined Weak Reference
    _get_lc_collate                           - Undefined Weak Reference
    _get_lc_ctype                             - Undefined Weak Reference
    _get_lc_monetary                          - Undefined Weak Reference
    _get_lc_numeric                           - Undefined Weak Reference
    _get_lc_time                              - Undefined Weak Reference
    _getenv_init                              - Undefined Weak Reference
    _handle_redirection                       - Undefined Weak Reference
    _init_alloc                               - Undefined Weak Reference
    _init_user_alloc                          - Undefined Weak Reference
    _initio                                   - Undefined Weak Reference
    _rand_init                                - Undefined Weak Reference
    _signal_finish                            - Undefined Weak Reference
    _signal_init                              - Undefined Weak Reference
    _terminate_alloc                          - Undefined Weak Reference
    _terminate_user_alloc                     - Undefined Weak Reference
    _terminateio                              - Undefined Weak Reference
    __Vectors_Size                           0x000000ec   Number         0  startup_stm32f103xb.o ABSOLUTE
    __Vectors                                0x08000000   Data           4  startup_stm32f103xb.o(RESET)
    __Vectors_End                            0x080000ec   Data           0  startup_stm32f103xb.o(RESET)
    __main                                   0x080000ed   Thumb Code     8  __main.o(!!!main)
    __scatterload                            0x080000f5   Thumb Code     0  __scatter.o(!!!scatter)
    __scatterload_rt2                        0x080000f5   Thumb Code    44  __scatter.o(!!!scatter)
    __scatterload_rt2_thumb_only             0x080000f5   Thumb Code     0  __scatter.o(!!!scatter)
    __scatterload_null                       0x08000103   Thumb Code     0  __scatter.o(!!!scatter)
    __scatterload_copy                       0x08000129   Thumb Code    26  __scatter_copy.o(!!handler_copy)
    __rt_lib_init                            0x08000143   Thumb Code     0  libinit.o(.ARM.Collect$$libinit$$00000000)
    __rt_lib_init_fp_1                       0x08000145   Thumb Code     0  libinit2.o(.ARM.Collect$$libinit$$00000001)
    __rt_lib_init_alloca_1                   0x08000149   Thumb Code     0  libinit2.o(.ARM.Collect$$libinit$$0000002E)
    __rt_lib_init_argv_1                     0x08000149   Thumb Code     0  libinit2.o(.ARM.Collect$$libinit$$0000002C)
    __rt_lib_init_atexit_1                   0x08000149   Thumb Code     0  libinit2.o(.ARM.Collect$$libinit$$0000001B)
    __rt_lib_init_clock_1                    0x08000149   Thumb Code     0  libinit2.o(.ARM.Collect$$libinit$$00000021)
    __rt_lib_init_cpp_1                      0x08000149   Thumb Code     0  libinit2.o(.ARM.Collect$$libinit$$00000032)
    __rt_lib_init_exceptions_1               0x08000149   Thumb Code     0  libinit2.o(.ARM.Collect$$libinit$$00000030)
    __rt_lib_init_fp_trap_1                  0x08000149   Thumb Code     0  libinit2.o(.ARM.Collect$$libinit$$0000001F)
    __rt_lib_init_getenv_1                   0x08000149   Thumb Code     0  libinit2.o(.ARM.Collect$$libinit$$00000023)
    __rt_lib_init_heap_1                     0x08000149   Thumb Code     0  libinit2.o(.ARM.Collect$$libinit$$0000000A)
    __rt_lib_init_lc_collate_1               0x08000149   Thumb Code     0  libinit2.o(.ARM.Collect$$libinit$$00000011)
    __rt_lib_init_lc_ctype_1                 0x08000149   Thumb Code     0  libinit2.o(.ARM.Collect$$libinit$$00000013)
    __rt_lib_init_lc_monetary_1              0x08000149   Thumb Code     0  libinit2.o(.ARM.Collect$$libinit$$00000015)
    __rt_lib_init_lc_numeric_1               0x08000149   Thumb Code     0  libinit2.o(.ARM.Collect$$libinit$$00000017)
    __rt_lib_init_lc_time_1                  0x08000149   Thumb Code     0  libinit2.o(.ARM.Collect$$libinit$$00000019)
    __rt_lib_init_preinit_1                  0x08000149   Thumb Code     0  libinit2.o(.ARM.Collect$$libinit$$00000004)
    __rt_lib_init_rand_1                     0x08000149   Thumb Code     0  libinit2.o(.ARM.Collect$$libinit$$0000000E)
    __rt_lib_init_return                     0x08000149   Thumb Code     0  libinit2.o(.ARM.Collect$$libinit$$00000033)
    __rt_lib_init_signal_1                   0x08000149   Thumb Code     0  libinit2.o(.ARM.Collect$$libinit$$0000001D)
    __rt_lib_init_stdio_1                    0x08000149   Thumb Code     0  libinit2.o(.ARM.Collect$$libinit$$00000025)
    __rt_lib_init_user_alloc_1               0x08000149   Thumb Code     0  libinit2.o(.ARM.Collect$$libinit$$0000000C)
    __rt_lib_shutdown                        0x0800014b   Thumb Code     0  libshutdown.o(.ARM.Collect$$libshutdown$$00000000)
    __rt_lib_shutdown_cpp_1                  0x0800014d   Thumb Code     0  libshutdown2.o(.ARM.Collect$$libshutdown$$00000002)
    __rt_lib_shutdown_fp_trap_1              0x0800014d   Thumb Code     0  libshutdown2.o(.ARM.Collect$$libshutdown$$00000007)
    __rt_lib_shutdown_heap_1                 0x0800014d   Thumb Code     0  libshutdown2.o(.ARM.Collect$$libshutdown$$0000000F)
    __rt_lib_shutdown_return                 0x0800014d   Thumb Code     0  libshutdown2.o(.ARM.Collect$$libshutdown$$00000010)
    __rt_lib_shutdown_signal_1               0x0800014d   Thumb Code     0  libshutdown2.o(.ARM.Collect$$libshutdown$$0000000A)
    __rt_lib_shutdown_stdio_1                0x0800014d   Thumb Code     0  libshutdown2.o(.ARM.Collect$$libshutdown$$00000004)
    __rt_lib_shutdown_user_alloc_1           0x0800014d   Thumb Code     0  libshutdown2.o(.ARM.Collect$$libshutdown$$0000000C)
    __rt_entry                               0x0800014f   Thumb Code     0  __rtentry.o(.ARM.Collect$$rtentry$$00000000)
    __rt_entry_presh_1                       0x0800014f   Thumb Code     0  __rtentry2.o(.ARM.Collect$$rtentry$$00000002)
    __rt_entry_sh                            0x0800014f   Thumb Code     0  __rtentry5.o(.ARM.Collect$$rtentry$$00000005)
    __rt_entry_li                            0x08000153   Thumb Code     0  __rtentry2.o(.ARM.Collect$$rtentry$$0000000A)
    __rt_entry_postsh_1                      0x08000153   Thumb Code     0  __rtentry2.o(.ARM.Collect$$rtentry$$00000009)
    __rt_entry_main                          0x08000157   Thumb Code     0  __rtentry2.o(.ARM.Collect$$rtentry$$0000000D)
    __rt_entry_postli_1                      0x08000157   Thumb Code     0  __rtentry2.o(.ARM.Collect$$rtentry$$0000000C)
    __rt_exit                                0x08000165   Thumb Code     0  rtexit.o(.ARM.Collect$$rtexit$$00000000)
    __rt_exit_ls                             0x08000167   Thumb Code     0  rtexit2.o(.ARM.Collect$$rtexit$$00000003)
    __rt_exit_prels_1                        0x08000167   Thumb Code     0  rtexit2.o(.ARM.Collect$$rtexit$$00000002)
    __rt_exit_exit                           0x0800016b   Thumb Code     0  rtexit2.o(.ARM.Collect$$rtexit$$00000004)
    Reset_Handler                            0x08000171   Thumb Code     8  startup_stm32f103xb.o(.text)
    ADC1_2_IRQHandler                        0x0800018b   Thumb Code     0  startup_stm32f103xb.o(.text)
    CAN1_RX1_IRQHandler                      0x0800018b   Thumb Code     0  startup_stm32f103xb.o(.text)
    CAN1_SCE_IRQHandler                      0x0800018b   Thumb Code     0  startup_stm32f103xb.o(.text)
    DMA1_Channel1_IRQHandler                 0x0800018b   Thumb Code     0  startup_stm32f103xb.o(.text)
    DMA1_Channel2_IRQHandler                 0x0800018b   Thumb Code     0  startup_stm32f103xb.o(.text)
    DMA1_Channel3_IRQHandler                 0x0800018b   Thumb Code     0  startup_stm32f103xb.o(.text)
    DMA1_Channel4_IRQHandler                 0x0800018b   Thumb Code     0  startup_stm32f103xb.o(.text)
    DMA1_Channel5_IRQHandler                 0x0800018b   Thumb Code     0  startup_stm32f103xb.o(.text)
    DMA1_Channel6_IRQHandler                 0x0800018b   Thumb Code     0  startup_stm32f103xb.o(.text)
    DMA1_Channel7_IRQHandler                 0x0800018b   Thumb Code     0  startup_stm32f103xb.o(.text)
    EXTI0_IRQHandler                         0x0800018b   Thumb Code     0  startup_stm32f103xb.o(.text)
    EXTI15_10_IRQHandler                     0x0800018b   Thumb Code     0  startup_stm32f103xb.o(.text)
    EXTI1_IRQHandler                         0x0800018b   Thumb Code     0  startup_stm32f103xb.o(.text)
    EXTI2_IRQHandler                         0x0800018b   Thumb Code     0  startup_stm32f103xb.o(.text)
    EXTI3_IRQHandler                         0x0800018b   Thumb Code     0  startup_stm32f103xb.o(.text)
    EXTI4_IRQHandler                         0x0800018b   Thumb Code     0  startup_stm32f103xb.o(.text)
    EXTI9_5_IRQHandler                       0x0800018b   Thumb Code     0  startup_stm32f103xb.o(.text)
    FLASH_IRQHandler                         0x0800018b   Thumb Code     0  startup_stm32f103xb.o(.text)
    I2C1_ER_IRQHandler                       0x0800018b   Thumb Code     0  startup_stm32f103xb.o(.text)
    I2C1_EV_IRQHandler                       0x0800018b   Thumb Code     0  startup_stm32f103xb.o(.text)
    I2C2_ER_IRQHandler                       0x0800018b   Thumb Code     0  startup_stm32f103xb.o(.text)
    I2C2_EV_IRQHandler                       0x0800018b   Thumb Code     0  startup_stm32f103xb.o(.text)
    PVD_IRQHandler                           0x0800018b   Thumb Code     0  startup_stm32f103xb.o(.text)
    RCC_IRQHandler                           0x0800018b   Thumb Code     0  startup_stm32f103xb.o(.text)
    RTC_Alarm_IRQHandler                     0x0800018b   Thumb Code     0  startup_stm32f103xb.o(.text)
    RTC_IRQHandler                           0x0800018b   Thumb Code     0  startup_stm32f103xb.o(.text)
    SPI1_IRQHandler                          0x0800018b   Thumb Code     0  startup_stm32f103xb.o(.text)
    SPI2_IRQHandler                          0x0800018b   Thumb Code     0  startup_stm32f103xb.o(.text)
    TAMPER_IRQHandler                        0x0800018b   Thumb Code     0  startup_stm32f103xb.o(.text)
    TIM1_BRK_IRQHandler                      0x0800018b   Thumb Code     0  startup_stm32f103xb.o(.text)
    TIM1_CC_IRQHandler                       0x0800018b   Thumb Code     0  startup_stm32f103xb.o(.text)
    TIM1_TRG_COM_IRQHandler                  0x0800018b   Thumb Code     0  startup_stm32f103xb.o(.text)
    TIM1_UP_IRQHandler                       0x0800018b   Thumb Code     0  startup_stm32f103xb.o(.text)
    TIM2_IRQHandler                          0x0800018b   Thumb Code     0  startup_stm32f103xb.o(.text)
    TIM3_IRQHandler                          0x0800018b   Thumb Code     0  startup_stm32f103xb.o(.text)
    TIM4_IRQHandler                          0x0800018b   Thumb Code     0  startup_stm32f103xb.o(.text)
    USART2_IRQHandler                        0x0800018b   Thumb Code     0  startup_stm32f103xb.o(.text)
    USART3_IRQHandler                        0x0800018b   Thumb Code     0  startup_stm32f103xb.o(.text)
    USBWakeUp_IRQHandler                     0x0800018b   Thumb Code     0  startup_stm32f103xb.o(.text)
    USB_HP_CAN1_TX_IRQHandler                0x0800018b   Thumb Code     0  startup_stm32f103xb.o(.text)
    USB_LP_CAN1_RX0_IRQHandler               0x0800018b   Thumb Code     0  startup_stm32f103xb.o(.text)
    WWDG_IRQHandler                          0x0800018b   Thumb Code     0  startup_stm32f103xb.o(.text)
    exit                                     0x08000195   Thumb Code    18  exit.o(.text)
    __I$use$semihosting                      0x080001a7   Thumb Code     0  use_no_semi.o(.text)
    __use_no_semihosting_swi                 0x080001a7   Thumb Code     2  use_no_semi.o(.text)
    __semihosting_library_function           0x080001a9   Thumb Code     0  indicate_semi.o(.text)
    _sys_exit                                0x080001a9   Thumb Code     8  sys_exit.o(.text)
    __rt_fp_status_addr                      0x080001b5   Thumb Code     8  rt_fp_status_addr_intlibspace.o(.text)
    ADC_ConversionStop_Disable               0x080001bd   Thumb Code    72  stm32f1xx_hal_adc.o(.text.ADC_ConversionStop_Disable)
    ADC_Enable                               0x08000205   Thumb Code   116  stm32f1xx_hal_adc.o(.text.ADC_Enable)
    ANIN_Service                             0x08000279   Thumb Code  1520  anin.o(.text.ANIN_Service)
    BusFault_Handler                         0x08000869   Thumb Code     2  stm32f1xx_it.o(.text.BusFault_Handler)
    CalcCRC                                  0x0800086b   Thumb Code    24  common.o(.text.CalcCRC)
    ClearBuffer                              0x08000883   Thumb Code    16  common.o(.text.ClearBuffer)
    DIO_Service                              0x08000895   Thumb Code  3608  dio.o(.text.DIO_Service)
    DebugMon_Handler                         0x080016ad   Thumb Code     2  stm32f1xx_it.o(.text.DebugMon_Handler)
    Delay                                    0x080016af   Thumb Code    28  common.o(.text.Delay)
    HAL_ADC_ConfigChannel                    0x080016cd   Thumb Code   260  stm32f1xx_hal_adc.o(.text.HAL_ADC_ConfigChannel)
    HAL_ADC_GetValue                         0x080017cd   Thumb Code     6  stm32f1xx_hal_adc.o(.text.HAL_ADC_GetValue)
    HAL_ADC_Init                             0x080017d5   Thumb Code   272  stm32f1xx_hal_adc.o(.text.HAL_ADC_Init)
    HAL_ADC_MspInit                          0x080018e5   Thumb Code    64  stm32f1xx_hal_msp.o(.text.HAL_ADC_MspInit)
    HAL_ADC_PollForConversion                0x08001925   Thumb Code   332  stm32f1xx_hal_adc.o(.text.HAL_ADC_PollForConversion)
    HAL_ADC_Start                            0x08001a71   Thumb Code   192  stm32f1xx_hal_adc.o(.text.HAL_ADC_Start)
    HAL_DMA_Abort_IT                         0x08001b31   Thumb Code   156  stm32f1xx_hal_dma.o(.text.HAL_DMA_Abort_IT)
    HAL_Delay                                0x08001bcd   Thumb Code    30  stm32f1xx_hal.o(.text.HAL_Delay)
    HAL_GPIO_Init                            0x08001bed   Thumb Code   456  stm32f1xx_hal_gpio.o(.text.HAL_GPIO_Init)
    HAL_GPIO_WritePin                        0x08001db5   Thumb Code    10  stm32f1xx_hal_gpio.o(.text.HAL_GPIO_WritePin)
    HAL_GetTick                              0x08001dc1   Thumb Code    12  stm32f1xx_hal.o(.text.HAL_GetTick)
    HAL_I2C_Init                             0x08001dcd   Thumb Code   240  stm32f1xx_hal_i2c.o(.text.HAL_I2C_Init)
    HAL_I2C_IsDeviceReady                    0x08001ebd   Thumb Code   328  stm32f1xx_hal_i2c.o(.text.HAL_I2C_IsDeviceReady)
    HAL_I2C_Master_Receive                   0x08002005   Thumb Code   824  stm32f1xx_hal_i2c.o(.text.HAL_I2C_Master_Receive)
    HAL_I2C_Master_Transmit                  0x0800233d   Thumb Code   432  stm32f1xx_hal_i2c.o(.text.HAL_I2C_Master_Transmit)
    HAL_I2C_MspInit                          0x080024ed   Thumb Code    72  stm32f1xx_hal_msp.o(.text.HAL_I2C_MspInit)
    HAL_IWDG_Init                            0x08002535   Thumb Code    70  stm32f1xx_hal_iwdg.o(.text.HAL_IWDG_Init)
    HAL_IWDG_Refresh                         0x0800257b   Thumb Code    12  stm32f1xx_hal_iwdg.o(.text.HAL_IWDG_Refresh)
    HAL_IncTick                              0x08002589   Thumb Code    16  stm32f1xx_hal.o(.text.HAL_IncTick)
    HAL_Init                                 0x08002599   Thumb Code    36  stm32f1xx_hal.o(.text.HAL_Init)
    HAL_InitTick                             0x080025bd   Thumb Code    40  stm32f1xx_hal.o(.text.HAL_InitTick)
    HAL_MspInit                              0x080025e5   Thumb Code   132  stm32f1xx_hal_msp.o(.text.HAL_MspInit)
    HAL_NVIC_ClearPendingIRQ                 0x08002669   Thumb Code    28  stm32f1xx_hal_cortex.o(.text.HAL_NVIC_ClearPendingIRQ)
    HAL_NVIC_EnableIRQ                       0x08002685   Thumb Code    28  stm32f1xx_hal_cortex.o(.text.HAL_NVIC_EnableIRQ)
    HAL_NVIC_SetPriority                     0x080026a1   Thumb Code    92  stm32f1xx_hal_cortex.o(.text.HAL_NVIC_SetPriority)
    HAL_NVIC_SetPriorityGrouping             0x080026f9   Thumb Code    32  stm32f1xx_hal_cortex.o(.text.HAL_NVIC_SetPriorityGrouping)
    HAL_RCCEx_GetPeriphCLKFreq               0x08002719   Thumb Code   216  stm32f1xx_hal_rcc_ex.o(.text.HAL_RCCEx_GetPeriphCLKFreq)
    HAL_RCCEx_PeriphCLKConfig                0x080027e9   Thumb Code   256  stm32f1xx_hal_rcc_ex.o(.text.HAL_RCCEx_PeriphCLKConfig)
    HAL_RCC_ClockConfig                      0x080028e5   Thumb Code   320  stm32f1xx_hal_rcc.o(.text.HAL_RCC_ClockConfig)
    HAL_RCC_GetHCLKFreq                      0x08002a21   Thumb Code    12  stm32f1xx_hal_rcc.o(.text.HAL_RCC_GetHCLKFreq)
    HAL_RCC_GetPCLK1Freq                     0x08002a29   Thumb Code    32  stm32f1xx_hal_rcc.o(.text.HAL_RCC_GetPCLK1Freq)
    HAL_RCC_GetPCLK2Freq                     0x08002a3d   Thumb Code    32  stm32f1xx_hal_rcc.o(.text.HAL_RCC_GetPCLK2Freq)
    HAL_RCC_GetSysClockFreq                  0x08002a59   Thumb Code    88  stm32f1xx_hal_rcc.o(.text.HAL_RCC_GetSysClockFreq)
    HAL_RCC_OscConfig                        0x08002ab1   Thumb Code   840  stm32f1xx_hal_rcc.o(.text.HAL_RCC_OscConfig)
    HAL_SPI_Init                             0x08002df9   Thumb Code   126  stm32f1xx_hal_spi_ex.o(.text.HAL_SPI_Init)
    HAL_SPI_MspInit                          0x08002e79   Thumb Code    88  stm32f1xx_hal_msp.o(.text.HAL_SPI_MspInit)
    HAL_SYSTICK_CLKSourceConfig              0x08002ec9   Thumb Code    24  stm32f1xx_hal_cortex.o(.text.HAL_SYSTICK_CLKSourceConfig)
    HAL_SYSTICK_Callback                     0x08002edd   Thumb Code     2  stm32f1xx_hal_cortex.o(.text.HAL_SYSTICK_Callback)
    HAL_SYSTICK_Config                       0x08002ee1   Thumb Code    40  stm32f1xx_hal_cortex.o(.text.HAL_SYSTICK_Config)
    HAL_SYSTICK_IRQHandler                   0x08002f09   Thumb Code     4  stm32f1xx_hal_cortex.o(.text.HAL_SYSTICK_IRQHandler)
    HAL_UART_ErrorCallback                   0x08002f0d   Thumb Code     2  stm32f1xx_hal_uart.o(.text.HAL_UART_ErrorCallback)
    HAL_UART_GetState                        0x08002f0f   Thumb Code    14  stm32f1xx_hal_uart.o(.text.HAL_UART_GetState)
    HAL_UART_IRQHandler                      0x08002f1d   Thumb Code   348  stm32f1xx_hal_uart.o(.text.HAL_UART_IRQHandler)
    HAL_UART_Init                            0x08003079   Thumb Code    92  stm32f1xx_hal_uart.o(.text.HAL_UART_Init)
    HAL_UART_MspInit                         0x080030d5   Thumb Code   108  stm32f1xx_hal_msp.o(.text.HAL_UART_MspInit)
    HAL_UART_Receive_IT                      0x08003141   Thumb Code    76  stm32f1xx_hal_uart.o(.text.HAL_UART_Receive_IT)
    HAL_UART_Transmit                        0x0800318d   Thumb Code   168  stm32f1xx_hal_uart.o(.text.HAL_UART_Transmit)
    HAL_UART_TxCpltCallback                  0x08003235   Thumb Code     2  stm32f1xx_hal_uart.o(.text.HAL_UART_TxCpltCallback)
    HardFault_Handler                        0x08003237   Thumb Code     2  stm32f1xx_it.o(.text.HardFault_Handler)
    LED_ErrorSignal                          0x08003449   Thumb Code   372  dio.o(.text.LED_ErrorSignal)
    LED_SetAllOff                            0x080035b9   Thumb Code   104  dio.o(.text.LED_SetAllOff)
    LED_SetAllOn                             0x08003619   Thumb Code   104  dio.o(.text.LED_SetAllOn)
    MemManage_Handler                        0x08003681   Thumb Code     2  stm32f1xx_it.o(.text.MemManage_Handler)
    NMI_Handler                              0x08003683   Thumb Code     2  stm32f1xx_it.o(.text.NMI_Handler)
    PendSV_Handler                           0x08003685   Thumb Code     2  stm32f1xx_it.o(.text.PendSV_Handler)
    RADIO_Service                            0x08003689   Thumb Code   596  radio.o(.text.RADIO_Service)
    SVC_Handler                              0x080038dd   Thumb Code     2  stm32f1xx_it.o(.text.SVC_Handler)
    SysTick_Handler                          0x080038e1   Thumb Code   120  stm32f1xx_it.o(.text.SysTick_Handler)
    SystemClock_Config                       0x08003951   Thumb Code   106  main.o(.text.SystemClock_Config)
    SystemInit                               0x080039bd   Thumb Code    76  system_stm32f1xx.o(.text.SystemInit)
    USART1_IRQHandler                        0x08003c29   Thumb Code    24  stm32f1xx_it.o(.text.USART1_IRQHandler)
    UsageFault_Handler                       0x08003c41   Thumb Code     2  stm32f1xx_it.o(.text.UsageFault_Handler)
    _Error_Handler                           0x08003c43   Thumb Code     2  main.o(.text._Error_Handler)
    main                                     0x08003c45   Thumb Code  1428  main.o(.text.main)
    _fp_init                                 0x080041d9   Thumb Code    14  fpinit.o(x$fpl$fpinit)
    __fplib_config_pureend_doubles           0x080041e5   Thumb Code     0  fpinit.o(x$fpl$fpinit)
    AHBPrescTable                            0x080041e6   Data          16  system_stm32f1xx.o(.rodata.AHBPrescTable)
    APBPrescTable                            0x080041f6   Data           8  system_stm32f1xx.o(.rodata.APBPrescTable)
    Region$$Table$$Base                      0x0800420c   Number         0  anon$$obj.o(Region$$Table)
    Region$$Table$$Limit                     0x0800421c   Number         0  anon$$obj.o(Region$$Table)
    SystemCoreClock                          0x20000000   Data           4  system_stm32f1xx.o(.data.SystemCoreClock)
    __libspace_start                         0x20000010   Data          96  libspace.o(.bss)
    RADIO_ServiceState                       0x20000070   Data           1  radio.o(.bss..L_MergedGlobals)
    __temporary_stack_top$libspace           0x20000070   Data           0  libspace.o(.bss)
    radio_cycle_cnt                          0x20000071   Data           1  radio.o(.bss..L_MergedGlobals)
    radio_error_cnt                          0x20000072   Data           1  radio.o(.bss..L_MergedGlobals)
    radio_link_qt                            0x20000073   Data           1  radio.o(.bss..L_MergedGlobals)
    receive_pcnt                             0x20000074   Data           1  radio.o(.bss..L_MergedGlobals)
    received_byte_cnt                        0x20000075   Data           1  radio.o(.bss..L_MergedGlobals)
    radio_flags                              0x20000078   Data           4  radio.o(.bss..L_MergedGlobals)
    radio_cycle_timer                        0x2000007c   Data           4  radio.o(.bss..L_MergedGlobals)
    uart_buffer                              0x20000080   Data          64  radio.o(.bss..L_MergedGlobals)
    anin0_type                               0x200000c0   Data           1  anin.o(.bss..L_MergedGlobals)
    anin1_type                               0x200000c1   Data           1  anin.o(.bss..L_MergedGlobals)
    anin2_type                               0x200000c2   Data           1  anin.o(.bss..L_MergedGlobals)
    anin3_type                               0x200000c3   Data           1  anin.o(.bss..L_MergedGlobals)
    anin4_type                               0x200000c4   Data           1  anin.o(.bss..L_MergedGlobals)
    anin5_type                               0x200000c5   Data           1  anin.o(.bss..L_MergedGlobals)
    anin6_type                               0x200000c6   Data           1  anin.o(.bss..L_MergedGlobals)
    anin7_type                               0x200000c7   Data           1  anin.o(.bss..L_MergedGlobals)
    anin0                                    0x200000c8   Data           2  anin.o(.bss..L_MergedGlobals)
    anin0_null                               0x200000ca   Data           2  anin.o(.bss..L_MergedGlobals)
    anin1                                    0x200000cc   Data           2  anin.o(.bss..L_MergedGlobals)
    anin1_null                               0x200000ce   Data           2  anin.o(.bss..L_MergedGlobals)
    anin2                                    0x200000d0   Data           2  anin.o(.bss..L_MergedGlobals)
    anin2_null                               0x200000d2   Data           2  anin.o(.bss..L_MergedGlobals)
    anin3                                    0x200000d4   Data           2  anin.o(.bss..L_MergedGlobals)
    anin3_null                               0x200000d6   Data           2  anin.o(.bss..L_MergedGlobals)
    anin4                                    0x200000d8   Data           2  anin.o(.bss..L_MergedGlobals)
    anin4_null                               0x200000da   Data           2  anin.o(.bss..L_MergedGlobals)
    anin5                                    0x200000dc   Data           2  anin.o(.bss..L_MergedGlobals)
    anin5_null                               0x200000de   Data           2  anin.o(.bss..L_MergedGlobals)
    anin6                                    0x200000e0   Data           2  anin.o(.bss..L_MergedGlobals)
    anin6_null                               0x200000e2   Data           2  anin.o(.bss..L_MergedGlobals)
    anin7                                    0x200000e4   Data           2  anin.o(.bss..L_MergedGlobals)
    anin7_null                               0x200000e6   Data           2  anin.o(.bss..L_MergedGlobals)
    vbatt                                    0x200000e8   Data           2  anin.o(.bss..L_MergedGlobals)
    vbatt_min                                0x200000ea   Data           2  anin.o(.bss..L_MergedGlobals)
    vbatt_max                                0x200000ec   Data           2  anin.o(.bss..L_MergedGlobals)
    anin_timer                               0x200000f0   Data           4  anin.o(.bss..L_MergedGlobals)
    pwm                                      0x200000f4   Data          16  anin.o(.bss..L_MergedGlobals)
    ctrl_sw_flag                             0x20000110   Data           1  dio.o(.bss..L_MergedGlobals)
    led_output                               0x20000111   Data           1  dio.o(.bss..L_MergedGlobals)
    old_led_output                           0x20000112   Data           1  dio.o(.bss..L_MergedGlobals)
    error_signal_cnt                         0x20000113   Data           1  dio.o(.bss..L_MergedGlobals)
    error_signal_flags                       0x20000114   Data           1  dio.o(.bss..L_MergedGlobals)
    din_state                                0x20000116   Data           2  dio.o(.bss..L_MergedGlobals)
    error_signal_timer                       0x20000118   Data           2  dio.o(.bss..L_MergedGlobals)
    ctrl_sw_pause                            0x2000011c   Data           4  dio.o(.bss..L_MergedGlobals)
    ctrl_sw_timer                            0x20000120   Data           4  dio.o(.bss..L_MergedGlobals)
    led_timer                                0x20000124   Data           4  dio.o(.bss..L_MergedGlobals)
    hiwdg                                    0x20000130   Data          12  main.o(.bss..L_MergedGlobals)
    eeprom_buffer                            0x2000013c   Data          16  main.o(.bss..L_MergedGlobals)
    hadc1                                    0x2000014c   Data          48  main.o(.bss..L_MergedGlobals)
    huart1                                   0x20000190   Data          64  main.o(.bss..L_MergedGlobals.1)
    hi2c1                                    0x200001d0   Data          84  main.o(.bss..L_MergedGlobals.2)
    hspi1                                    0x20000230   Data          88  main.o(.bss..L_MergedGlobals.3)
    anin0_set_type                           0x20000289   Data           1  anin.o(.bss.anin0_set_type)
    anin1_set_type                           0x2000028a   Data           1  anin.o(.bss.anin1_set_type)
    anin2_set_type                           0x2000028b   Data           1  anin.o(.bss.anin2_set_type)
    anin3_set_type                           0x2000028c   Data           1  anin.o(.bss.anin3_set_type)
    anin4_set_type                           0x2000028d   Data           1  anin.o(.bss.anin4_set_type)
    anin5_set_type                           0x2000028e   Data           1  anin.o(.bss.anin5_set_type)
    anin6_set_type                           0x2000028f   Data           1  anin.o(.bss.anin6_set_type)
    anin7_set_type                           0x20000290   Data           1  anin.o(.bss.anin7_set_type)
    batt_type                                0x20000291   Data           1  anin.o(.bss.batt_type)
    radio_timer                              0x20000294   Data           4  radio.o(.bss.radio_timer)
    uwTick                                   0x20000298   Data           4  stm32f1xx_hal.o(.bss.uwTick)
    vbatt_warning                            0x2000029c   Data           2  anin.o(.bss.vbatt_warning)
    __initial_sp                             0x200006a0   Data           0  startup_stm32f103xb.o(STACK)



==============================================================================

Memory Map of the image

  Image Entry point : 0x080000ed

  Load Region LR_IROM1 (Base: 0x08000000, Size: 0x00004230, Max: 0x00010000, ABSOLUTE)

    Execution Region ER_IROM1 (Exec base: 0x08000000, Load base: 0x08000000, Size: 0x0000421c, Max: 0x00010000, ABSOLUTE)

    Exec Addr    Load Addr    Size         Type   Attr      Idx    E Section Name        Object

    0x08000000   0x08000000   0x000000ec   Data   RO          861    RESET               startup_stm32f103xb.o
    0x080000ec   0x080000ec   0x00000008   Code   RO         1055  * !!!main             c_w.l(__main.o)
    0x080000f4   0x080000f4   0x00000034   Code   RO         1236    !!!scatter          c_w.l(__scatter.o)
    0x08000128   0x08000128   0x0000001a   Code   RO         1238    !!handler_copy      c_w.l(__scatter_copy.o)
    0x08000142   0x08000142   0x00000002   Code   RO         1087    .ARM.Collect$$libinit$$00000000  c_w.l(libinit.o)
    0x08000144   0x08000144   0x00000004   Code   RO         1097    .ARM.Collect$$libinit$$00000001  c_w.l(libinit2.o)
    0x08000148   0x08000148   0x00000000   Code   RO         1100    .ARM.Collect$$libinit$$00000004  c_w.l(libinit2.o)
    0x08000148   0x08000148   0x00000000   Code   RO         1103    .ARM.Collect$$libinit$$0000000A  c_w.l(libinit2.o)
    0x08000148   0x08000148   0x00000000   Code   RO         1105    .ARM.Collect$$libinit$$0000000C  c_w.l(libinit2.o)
    0x08000148   0x08000148   0x00000000   Code   RO         1107    .ARM.Collect$$libinit$$0000000E  c_w.l(libinit2.o)
    0x08000148   0x08000148   0x00000000   Code   RO         1110    .ARM.Collect$$libinit$$00000011  c_w.l(libinit2.o)
    0x08000148   0x08000148   0x00000000   Code   RO         1112    .ARM.Collect$$libinit$$00000013  c_w.l(libinit2.o)
    0x08000148   0x08000148   0x00000000   Code   RO         1114    .ARM.Collect$$libinit$$00000015  c_w.l(libinit2.o)
    0x08000148   0x08000148   0x00000000   Code   RO         1116    .ARM.Collect$$libinit$$00000017  c_w.l(libinit2.o)
    0x08000148   0x08000148   0x00000000   Code   RO         1118    .ARM.Collect$$libinit$$00000019  c_w.l(libinit2.o)
    0x08000148   0x08000148   0x00000000   Code   RO         1120    .ARM.Collect$$libinit$$0000001B  c_w.l(libinit2.o)
    0x08000148   0x08000148   0x00000000   Code   RO         1122    .ARM.Collect$$libinit$$0000001D  c_w.l(libinit2.o)
    0x08000148   0x08000148   0x00000000   Code   RO         1124    .ARM.Collect$$libinit$$0000001F  c_w.l(libinit2.o)
    0x08000148   0x08000148   0x00000000   Code   RO         1126    .ARM.Collect$$libinit$$00000021  c_w.l(libinit2.o)
    0x08000148   0x08000148   0x00000000   Code   RO         1128    .ARM.Collect$$libinit$$00000023  c_w.l(libinit2.o)
    0x08000148   0x08000148   0x00000000   Code   RO         1130    .ARM.Collect$$libinit$$00000025  c_w.l(libinit2.o)
    0x08000148   0x08000148   0x00000000   Code   RO         1134    .ARM.Collect$$libinit$$0000002C  c_w.l(libinit2.o)
    0x08000148   0x08000148   0x00000000   Code   RO         1136    .ARM.Collect$$libinit$$0000002E  c_w.l(libinit2.o)
    0x08000148   0x08000148   0x00000000   Code   RO         1138    .ARM.Collect$$libinit$$00000030  c_w.l(libinit2.o)
    0x08000148   0x08000148   0x00000000   Code   RO         1140    .ARM.Collect$$libinit$$00000032  c_w.l(libinit2.o)
    0x08000148   0x08000148   0x00000002   Code   RO         1141    .ARM.Collect$$libinit$$00000033  c_w.l(libinit2.o)
    0x0800014a   0x0800014a   0x00000002   Code   RO         1175    .ARM.Collect$$libshutdown$$00000000  c_w.l(libshutdown.o)
    0x0800014c   0x0800014c   0x00000000   Code   RO         1187    .ARM.Collect$$libshutdown$$00000002  c_w.l(libshutdown2.o)
    0x0800014c   0x0800014c   0x00000000   Code   RO         1189    .ARM.Collect$$libshutdown$$00000004  c_w.l(libshutdown2.o)
    0x0800014c   0x0800014c   0x00000000   Code   RO         1192    .ARM.Collect$$libshutdown$$00000007  c_w.l(libshutdown2.o)
    0x0800014c   0x0800014c   0x00000000   Code   RO         1195    .ARM.Collect$$libshutdown$$0000000A  c_w.l(libshutdown2.o)
    0x0800014c   0x0800014c   0x00000000   Code   RO         1197    .ARM.Collect$$libshutdown$$0000000C  c_w.l(libshutdown2.o)
    0x0800014c   0x0800014c   0x00000000   Code   RO         1200    .ARM.Collect$$libshutdown$$0000000F  c_w.l(libshutdown2.o)
    0x0800014c   0x0800014c   0x00000002   Code   RO         1201    .ARM.Collect$$libshutdown$$00000010  c_w.l(libshutdown2.o)
    0x0800014e   0x0800014e   0x00000000   Code   RO         1057    .ARM.Collect$$rtentry$$00000000  c_w.l(__rtentry.o)
    0x0800014e   0x0800014e   0x00000000   Code   RO         1059    .ARM.Collect$$rtentry$$00000002  c_w.l(__rtentry2.o)
    0x0800014e   0x0800014e   0x00000004   Code   RO         1073    .ARM.Collect$$rtentry$$00000005  c_w.l(__rtentry5.o)
    0x08000152   0x08000152   0x00000000   Code   RO         1061    .ARM.Collect$$rtentry$$00000009  c_w.l(__rtentry2.o)
    0x08000152   0x08000152   0x00000004   Code   RO         1062    .ARM.Collect$$rtentry$$0000000A  c_w.l(__rtentry2.o)
    0x08000156   0x08000156   0x00000000   Code   RO         1064    .ARM.Collect$$rtentry$$0000000C  c_w.l(__rtentry2.o)
    0x08000156   0x08000156   0x00000008   Code   RO         1065    .ARM.Collect$$rtentry$$0000000D  c_w.l(__rtentry2.o)
    0x0800015e   0x0800015e   0x00000002   PAD
    0x08000160   0x08000160   0x00000004   Code   RO         1074    .ARM.Collect$$rtentry$$00002716  c_w.l(__rtentry5.o)
    0x08000164   0x08000164   0x00000002   Code   RO         1095    .ARM.Collect$$rtexit$$00000000  c_w.l(rtexit.o)
    0x08000166   0x08000166   0x00000000   Code   RO         1150    .ARM.Collect$$rtexit$$00000002  c_w.l(rtexit2.o)
    0x08000166   0x08000166   0x00000004   Code   RO         1151    .ARM.Collect$$rtexit$$00000003  c_w.l(rtexit2.o)
    0x0800016a   0x0800016a   0x00000006   Code   RO         1152    .ARM.Collect$$rtexit$$00000004  c_w.l(rtexit2.o)
    0x08000170   0x08000170   0x00000024   Code   RO          862    .text               startup_stm32f103xb.o
    0x08000194   0x08000194   0x00000012   Code   RO         1080    .text               c_w.l(exit.o)
    0x080001a6   0x080001a6   0x00000002   Code   RO         1146    .text               c_w.l(use_no_semi.o)
    0x080001a8   0x080001a8   0x00000000   Code   RO         1148    .text               c_w.l(indicate_semi.o)
    0x080001a8   0x080001a8   0x0000000c   Code   RO         1160    .text               c_w.l(sys_exit.o)
    0x080001b4   0x080001b4   0x00000008   Code   RO         1167    .text               c_w.l(rt_fp_status_addr_intlibspace.o)
    0x080001bc   0x080001bc   0x00000048   Code   RO          709    .text.ADC_ConversionStop_Disable  stm32f1xx_hal_adc.o
    0x08000204   0x08000204   0x00000074   Code   RO          717    .text.ADC_Enable    stm32f1xx_hal_adc.o
    0x08000278   0x08000278   0x000005f0   Code   RO          985    .text.ANIN_Service  anin.o
    0x08000868   0x08000868   0x00000002   Code   RO          906    .text.BusFault_Handler  stm32f1xx_it.o
    0x0800086a   0x0800086a   0x00000018   Code   RO          948    .text.CalcCRC       common.o
    0x08000882   0x08000882   0x00000010   Code   RO          930    .text.ClearBuffer   common.o
    0x08000892   0x08000892   0x00000002   PAD
    0x08000894   0x08000894   0x00000e18   Code   RO         1011    .text.DIO_Service   dio.o
    0x080016ac   0x080016ac   0x00000002   Code   RO          912    .text.DebugMon_Handler  stm32f1xx_it.o
    0x080016ae   0x080016ae   0x0000001c   Code   RO          928    .text.Delay         common.o
    0x080016ca   0x080016ca   0x00000002   PAD
    0x080016cc   0x080016cc   0x00000100   Code   RO          751    .text.HAL_ADC_ConfigChannel  stm32f1xx_hal_adc.o
    0x080017cc   0x080017cc   0x00000006   Code   RO          739    .text.HAL_ADC_GetValue  stm32f1xx_hal_adc.o
    0x080017d2   0x080017d2   0x00000002   PAD
    0x080017d4   0x080017d4   0x00000110   Code   RO          705    .text.HAL_ADC_Init  stm32f1xx_hal_adc.o
    0x080018e4   0x080018e4   0x00000040   Code   RO          871    .text.HAL_ADC_MspInit  stm32f1xx_hal_msp.o
    0x08001924   0x08001924   0x0000014c   Code   RO          721    .text.HAL_ADC_PollForConversion  stm32f1xx_hal_adc.o
    0x08001a70   0x08001a70   0x000000c0   Code   RO          715    .text.HAL_ADC_Start  stm32f1xx_hal_adc.o
    0x08001b30   0x08001b30   0x0000009c   Code   RO          481    .text.HAL_DMA_Abort_IT  stm32f1xx_hal_dma.o
    0x08001bcc   0x08001bcc   0x0000001e   Code   RO          822    .text.HAL_Delay     stm32f1xx_hal.o
    0x08001bea   0x08001bea   0x00000002   PAD
    0x08001bec   0x08001bec   0x000001c8   Code   RO          145    .text.HAL_GPIO_Init  stm32f1xx_hal_gpio.o
    0x08001db4   0x08001db4   0x0000000a   Code   RO          151    .text.HAL_GPIO_WritePin  stm32f1xx_hal_gpio.o
    0x08001dbe   0x08001dbe   0x00000002   PAD
    0x08001dc0   0x08001dc0   0x0000000c   Code   RO          820    .text.HAL_GetTick   stm32f1xx_hal.o
    0x08001dcc   0x08001dcc   0x000000f0   Code   RO           20    .text.HAL_I2C_Init  stm32f1xx_hal_i2c.o
    0x08001ebc   0x08001ebc   0x00000148   Code   RO           96    .text.HAL_I2C_IsDeviceReady  stm32f1xx_hal_i2c.o
    0x08002004   0x08002004   0x00000338   Code   RO           36    .text.HAL_I2C_Master_Receive  stm32f1xx_hal_i2c.o
    0x0800233c   0x0800233c   0x000001b0   Code   RO           28    .text.HAL_I2C_Master_Transmit  stm32f1xx_hal_i2c.o
    0x080024ec   0x080024ec   0x00000048   Code   RO          875    .text.HAL_I2C_MspInit  stm32f1xx_hal_msp.o
    0x08002534   0x08002534   0x00000046   Code   RO          690    .text.HAL_IWDG_Init  stm32f1xx_hal_iwdg.o
    0x0800257a   0x0800257a   0x0000000c   Code   RO          692    .text.HAL_IWDG_Refresh  stm32f1xx_hal_iwdg.o
    0x08002586   0x08002586   0x00000002   PAD
    0x08002588   0x08002588   0x00000010   Code   RO          818    .text.HAL_IncTick   stm32f1xx_hal.o
    0x08002598   0x08002598   0x00000024   Code   RO          808    .text.HAL_Init      stm32f1xx_hal.o
    0x080025bc   0x080025bc   0x00000028   Code   RO          810    .text.HAL_InitTick  stm32f1xx_hal.o
    0x080025e4   0x080025e4   0x00000084   Code   RO          869    .text.HAL_MspInit   stm32f1xx_hal_msp.o
    0x08002668   0x08002668   0x0000001c   Code   RO          327    .text.HAL_NVIC_ClearPendingIRQ  stm32f1xx_hal_cortex.o
    0x08002684   0x08002684   0x0000001c   Code   RO          309    .text.HAL_NVIC_EnableIRQ  stm32f1xx_hal_cortex.o
    0x080026a0   0x080026a0   0x00000058   Code   RO          307    .text.HAL_NVIC_SetPriority  stm32f1xx_hal_cortex.o
    0x080026f8   0x080026f8   0x00000020   Code   RO          305    .text.HAL_NVIC_SetPriorityGrouping  stm32f1xx_hal_cortex.o
    0x08002718   0x08002718   0x000000d0   Code   RO          677    .text.HAL_RCCEx_GetPeriphCLKFreq  stm32f1xx_hal_rcc_ex.o
    0x080027e8   0x080027e8   0x000000fc   Code   RO          673    .text.HAL_RCCEx_PeriphCLKConfig  stm32f1xx_hal_rcc_ex.o
    0x080028e4   0x080028e4   0x0000013c   Code   RO          524    .text.HAL_RCC_ClockConfig  stm32f1xx_hal_rcc.o
    0x08002a20   0x08002a20   0x00000008   Code   RO          534    .text.HAL_RCC_GetHCLKFreq  stm32f1xx_hal_rcc.o
    0x08002a28   0x08002a28   0x00000014   Code   RO          536    .text.HAL_RCC_GetPCLK1Freq  stm32f1xx_hal_rcc.o
    0x08002a3c   0x08002a3c   0x0000001c   Code   RO          538    .text.HAL_RCC_GetPCLK2Freq  stm32f1xx_hal_rcc.o
    0x08002a58   0x08002a58   0x00000058   Code   RO          526    .text.HAL_RCC_GetSysClockFreq  stm32f1xx_hal_rcc.o
    0x08002ab0   0x08002ab0   0x00000348   Code   RO          522    .text.HAL_RCC_OscConfig  stm32f1xx_hal_rcc.o
    0x08002df8   0x08002df8   0x0000007e   Code   RO          506    .text.HAL_SPI_Init  stm32f1xx_hal_spi_ex.o
    0x08002e76   0x08002e76   0x00000002   PAD
    0x08002e78   0x08002e78   0x00000050   Code   RO          879    .text.HAL_SPI_MspInit  stm32f1xx_hal_msp.o
    0x08002ec8   0x08002ec8   0x00000014   Code   RO          331    .text.HAL_SYSTICK_CLKSourceConfig  stm32f1xx_hal_cortex.o
    0x08002edc   0x08002edc   0x00000002   Code   RO          335    .text.HAL_SYSTICK_Callback  stm32f1xx_hal_cortex.o
    0x08002ede   0x08002ede   0x00000002   PAD
    0x08002ee0   0x08002ee0   0x00000028   Code   RO          317    .text.HAL_SYSTICK_Config  stm32f1xx_hal_cortex.o
    0x08002f08   0x08002f08   0x00000004   Code   RO          333    .text.HAL_SYSTICK_IRQHandler  stm32f1xx_hal_cortex.o
    0x08002f0c   0x08002f0c   0x00000002   Code   RO          252    .text.HAL_UART_ErrorCallback  stm32f1xx_hal_uart.o
    0x08002f0e   0x08002f0e   0x0000000e   Code   RO          272    .text.HAL_UART_GetState  stm32f1xx_hal_uart.o
    0x08002f1c   0x08002f1c   0x0000015c   Code   RO          246    .text.HAL_UART_IRQHandler  stm32f1xx_hal_uart.o
    0x08003078   0x08003078   0x0000005c   Code   RO          172    .text.HAL_UART_Init  stm32f1xx_hal_uart.o
    0x080030d4   0x080030d4   0x0000006c   Code   RO          883    .text.HAL_UART_MspInit  stm32f1xx_hal_msp.o
    0x08003140   0x08003140   0x0000004c   Code   RO          196    .text.HAL_UART_Receive_IT  stm32f1xx_hal_uart.o
    0x0800318c   0x0800318c   0x000000a8   Code   RO          188    .text.HAL_UART_Transmit  stm32f1xx_hal_uart.o
    0x08003234   0x08003234   0x00000002   Code   RO          254    .text.HAL_UART_TxCpltCallback  stm32f1xx_hal_uart.o
    0x08003236   0x08003236   0x00000002   Code   RO          902    .text.HardFault_Handler  stm32f1xx_it.o
    0x08003238   0x08003238   0x00000028   Code   RO          132    .text.I2C_IsAcknowledgeFailed  stm32f1xx_hal_i2c.o
    0x08003260   0x08003260   0x00000052   Code   RO           34    .text.I2C_WaitOnBTFFlagUntilTimeout  stm32f1xx_hal_i2c.o
    0x080032b2   0x080032b2   0x0000006c   Code   RO           30    .text.I2C_WaitOnFlagUntilTimeout  stm32f1xx_hal_i2c.o
    0x0800331e   0x0800331e   0x00000002   PAD
    0x08003320   0x08003320   0x00000080   Code   RO          130    .text.I2C_WaitOnMasterAddressFlagUntilTimeout  stm32f1xx_hal_i2c.o
    0x080033a0   0x080033a0   0x00000054   Code   RO           38    .text.I2C_WaitOnRXNEFlagUntilTimeout  stm32f1xx_hal_i2c.o
    0x080033f4   0x080033f4   0x00000052   Code   RO           32    .text.I2C_WaitOnTXEFlagUntilTimeout  stm32f1xx_hal_i2c.o
    0x08003446   0x08003446   0x00000002   PAD
    0x08003448   0x08003448   0x00000170   Code   RO         1013    .text.LED_ErrorSignal  dio.o
    0x080035b8   0x080035b8   0x00000060   Code   RO         1015    .text.LED_SetAllOff  dio.o
    0x08003618   0x08003618   0x00000068   Code   RO         1017    .text.LED_SetAllOn  dio.o
    0x08003680   0x08003680   0x00000002   Code   RO          904    .text.MemManage_Handler  stm32f1xx_it.o
    0x08003682   0x08003682   0x00000002   Code   RO          900    .text.NMI_Handler   stm32f1xx_it.o
    0x08003684   0x08003684   0x00000002   Code   RO          914    .text.PendSV_Handler  stm32f1xx_it.o
    0x08003686   0x08003686   0x00000002   PAD
    0x08003688   0x08003688   0x00000254   Code   RO          961    .text.RADIO_Service  radio.o
    0x080038dc   0x080038dc   0x00000002   Code   RO          910    .text.SVC_Handler   stm32f1xx_it.o
    0x080038de   0x080038de   0x00000002   PAD
    0x080038e0   0x080038e0   0x00000070   Code   RO          898    .text.SysTick_Handler  stm32f1xx_it.o
    0x08003950   0x08003950   0x0000006a   Code   RO         1034    .text.SystemClock_Config  main.o
    0x080039ba   0x080039ba   0x00000002   PAD
    0x080039bc   0x080039bc   0x0000004c   Code   RO            2    .text.SystemInit    system_stm32f1xx.o
    0x08003a08   0x08003a08   0x0000000c   Code   RO          250    .text.UART_DMAAbortOnError  stm32f1xx_hal_uart.o
    0x08003a14   0x08003a14   0x0000001a   Code   RO          218    .text.UART_EndRxTransfer  stm32f1xx_hal_uart.o
    0x08003a2e   0x08003a2e   0x00000002   PAD
    0x08003a30   0x08003a30   0x000000b8   Code   RO          248    .text.UART_Receive_IT  stm32f1xx_hal_uart.o
    0x08003ae8   0x08003ae8   0x000000e8   Code   RO          176    .text.UART_SetConfig  stm32f1xx_hal_uart.o
    0x08003bd0   0x08003bd0   0x00000058   Code   RO          190    .text.UART_WaitOnFlagUntilTimeout  stm32f1xx_hal_uart.o
    0x08003c28   0x08003c28   0x00000018   Code   RO          916    .text.USART1_IRQHandler  stm32f1xx_it.o
    0x08003c40   0x08003c40   0x00000002   Code   RO          908    .text.UsageFault_Handler  stm32f1xx_it.o
    0x08003c42   0x08003c42   0x00000002   Code   RO         1036    .text._Error_Handler  main.o
    0x08003c44   0x08003c44   0x00000594   Code   RO         1032    .text.main          main.o
    0x080041d8   0x080041d8   0x0000000e   Code   RO         1158    x$fpl$fpinit        f_ws.l(fpinit.o)
    0x080041e6   0x080041e6   0x00000010   Data   RO            7    .rodata.AHBPrescTable  system_stm32f1xx.o
    0x080041f6   0x080041f6   0x00000008   Data   RO            8    .rodata.APBPrescTable  system_stm32f1xx.o
    0x080041fe   0x080041fe   0x0000000e   Data   RO          988    .rodata.str1.1      anin.o
    0x0800420c   0x0800420c   0x00000010   Data   RO         1234    Region$$Table       anon$$obj.o


    Execution Region RW_IRAM1 (Exec base: 0x20000000, Load base: 0x08004220, Size: 0x000006a0, Max: 0x00005000, ABSOLUTE, UNINIT)

    Exec Addr    Load Addr    Size         Type   Attr      Idx    E Section Name        Object

    0x20000000   0x08004220   0x00000004   Data   RW            6    .data.SystemCoreClock  system_stm32f1xx.o
    0x20000004   0x08004224   0x0000000c   PAD
    0x20000010        -       0x00000060   Zero   RW         1089    .bss                c_w.l(libspace.o)
    0x20000070        -       0x00000050   Zero   RW          974    .bss..L_MergedGlobals  radio.o
    0x200000c0        -       0x00000044   Zero   RW          999    .bss..L_MergedGlobals  anin.o
    0x20000104   0x08004224   0x0000000c   PAD
    0x20000110        -       0x00000018   Zero   RW         1019    .bss..L_MergedGlobals  dio.o
    0x20000128   0x08004224   0x00000008   PAD
    0x20000130        -       0x0000004c   Zero   RW         1039    .bss..L_MergedGlobals  main.o
    0x2000017c        -       0x00000008   Zero   RW         1020    .bss..L_MergedGlobals.1  dio.o
    0x20000184   0x08004224   0x0000000c   PAD
    0x20000190        -       0x00000040   Zero   RW         1040    .bss..L_MergedGlobals.1  main.o
    0x200001d0        -       0x00000054   Zero   RW         1041    .bss..L_MergedGlobals.2  main.o
    0x20000224   0x08004224   0x0000000c   PAD
    0x20000230        -       0x00000058   Zero   RW         1042    .bss..L_MergedGlobals.3  main.o
    0x20000288        -       0x00000001   Zero   RW          987    .bss.ANIN_Service.ANIN_ServiceState  anin.o
    0x20000289        -       0x00000001   Zero   RW          989    .bss.anin0_set_type  anin.o
    0x2000028a        -       0x00000001   Zero   RW          990    .bss.anin1_set_type  anin.o
    0x2000028b        -       0x00000001   Zero   RW          991    .bss.anin2_set_type  anin.o
    0x2000028c        -       0x00000001   Zero   RW          992    .bss.anin3_set_type  anin.o
    0x2000028d        -       0x00000001   Zero   RW          993    .bss.anin4_set_type  anin.o
    0x2000028e        -       0x00000001   Zero   RW          994    .bss.anin5_set_type  anin.o
    0x2000028f        -       0x00000001   Zero   RW          995    .bss.anin6_set_type  anin.o
    0x20000290        -       0x00000001   Zero   RW          996    .bss.anin7_set_type  anin.o
    0x20000291        -       0x00000001   Zero   RW          997    .bss.batt_type      anin.o
    0x20000292   0x08004224   0x00000002   PAD
    0x20000294        -       0x00000004   Zero   RW          973    .bss.radio_timer    radio.o
    0x20000298        -       0x00000004   Zero   RW          848    .bss.uwTick         stm32f1xx_hal.o
    0x2000029c        -       0x00000002   Zero   RW          998    .bss.vbatt_warning  anin.o
    0x2000029e   0x08004224   0x00000002   PAD
    0x200002a0        -       0x00000400   Zero   RW          859    STACK               startup_stm32f103xb.o


==============================================================================

Image component sizes


      Code (inc. data)   RO Data    RW Data    ZI Data      Debug   Object Name

      1520         28         14          0         80       4716   anin.o
        68          0          0          0          0       4243   common.o
      4176        188          0          0         32       4538   dio.o
      1536        136          0          0        312      12118   main.o
       596         44          0          0         84       3255   radio.o
        36          8        236          0       1024        776   startup_stm32f103xb.o
       134         16          0          0          4       5488   stm32f1xx_hal.o
      1246         60          0          0          0      10648   stm32f1xx_hal_adc.o
       242         28          0          0          0       8476   stm32f1xx_hal_cortex.o
       156         24          0          0          0       6879   stm32f1xx_hal_dma.o
       466         60          0          0          0       4867   stm32f1xx_hal_gpio.o
      2348         32          0          0          0      33172   stm32f1xx_hal_i2c.o
        82          0          0          0          0       1718   stm32f1xx_hal_iwdg.o
       456         36          0          0          0      10177   stm32f1xx_hal_msp.o
      1300         68          0          0          0       7350   stm32f1xx_hal_rcc.o
       460         32          0          0          0       3650   stm32f1xx_hal_rcc_ex.o
       126          0          0          0          0       3598   stm32f1xx_hal_spi_ex.o
      1244         40          0          0          0      16686   stm32f1xx_hal_uart.o
       152         24          0          0          0       2669   stm32f1xx_it.o
        76         16         24          4          0       2307   system_stm32f1xx.o

    ----------------------------------------------------------------------
     16448        840        290          4       1596     147331   Object Totals
         0          0         16          0          0          0   (incl. Generated)
        28          0          0          0         60          0   (incl. Padding)

    ----------------------------------------------------------------------

      Code (inc. data)   RO Data    RW Data    ZI Data      Debug   Library Member Name

         8          0          0          0          0         68   __main.o
         0          0          0          0          0          0   __rtentry.o
        12          0          0          0          0          0   __rtentry2.o
         8          4          0          0          0          0   __rtentry5.o
        52          8          0          0          0          0   __scatter.o
        26          0          0          0          0          0   __scatter_copy.o
        18          0          0          0          0         80   exit.o
         0          0          0          0          0          0   indicate_semi.o
         2          0          0          0          0          0   libinit.o
         6          0          0          0          0          0   libinit2.o
         2          0          0          0          0          0   libshutdown.o
         2          0          0          0          0          0   libshutdown2.o
         0          0          0          0         96          0   libspace.o
         8          4          0          0          0         68   rt_fp_status_addr_intlibspace.o
         2          0          0          0          0          0   rtexit.o
        10          0          0          0          0          0   rtexit2.o
        12          4          0          0          0         68   sys_exit.o
         2          0          0          0          0         68   use_no_semi.o
        14          0          0          0          0         76   fpinit.o

    ----------------------------------------------------------------------
       186         20          0          0         96        428   Library Totals
         2          0          0          0          0          0   (incl. Padding)

    ----------------------------------------------------------------------

      Code (inc. data)   RO Data    RW Data    ZI Data      Debug   Library Name

       170         20          0          0         96        352   c_w.l
        14          0          0          0          0         76   f_ws.l

    ----------------------------------------------------------------------
       186         20          0          0         96        428   Library Totals

    ----------------------------------------------------------------------

==============================================================================


      Code (inc. data)   RO Data    RW Data    ZI Data      Debug   

     16634        860        290          4       1692     147347   Grand Totals
     16634        860        290          4       1692     147347   ELF Image Totals
     16634        860        290          4          0          0   ROM Totals

==============================================================================

    Total RO  Size (Code + RO Data)                16924 (  16.53kB)
    Total RW  Size (RW Data + ZI Data)              1696 (   1.66kB)
    Total ROM Size (Code + RO Data + RW Data)      16928 (  16.53kB)

==============================================================================

